stm32f1xx_it.c:69:6:NMI_Handler	4	static
stm32f1xx_it.c:78:6:HardFault_Handler	4	static
stm32f1xx_it.c:91:6:MemManage_Handler	4	static
stm32f1xx_it.c:104:6:BusFault_Handler	4	static
stm32f1xx_it.c:117:6:UsageFault_Handler	4	static
stm32f1xx_it.c:130:6:SVC_Handler	4	static
stm32f1xx_it.c:139:6:DebugMon_Handler	4	static
stm32f1xx_it.c:148:6:PendSV_Handler	4	static
stm32f1xx_it.c:157:6:SysTick_Handler	8	static
stm32f1xx_it.c:163:5:milis	8	static
stm32f1xx_it.c:169:6:delay	24	static
stm32f1xx_it.c:196:6:TIM4_IRQHandler	8	static
stm32f1xx_it.c:237:6:USART1_IRQHandler	16	static
stm32f1xx_it.c:266:6:EXTI9_5_IRQHandler	8	static
