stm32f1xx_it.c:72:6:NMI_Handler	4	static
stm32f1xx_it.c:81:6:HardFault_Handler	4	static
stm32f1xx_it.c:94:6:MemManage_Handler	4	static
stm32f1xx_it.c:107:6:BusFault_Handler	4	static
stm32f1xx_it.c:120:6:UsageFault_Handler	4	static
stm32f1xx_it.c:133:6:SVC_Handler	4	static
stm32f1xx_it.c:142:6:DebugMon_Handler	4	static
stm32f1xx_it.c:151:6:PendSV_Handler	4	static
stm32f1xx_it.c:160:6:SysTick_Handler	8	static
stm32f1xx_it.c:165:5:milis	8	static
stm32f1xx_it.c:170:6:delay	24	static
stm32f1xx_it.c:196:6:TIM4_IRQHandler	8	static
stm32f1xx_it.c:267:6:USART1_IRQHandler	16	static
stm32f1xx_it.c:295:6:EXTI9_5_IRQHandler	8	static
