Archive member included to satisfy reference by file (symbol)

c:/program files (x86)/atollic/truestudio for stm32 9.0.1/armtools/bin/../lib/gcc/arm-atollic-eabi/6.3.1/../../../../arm-atollic-eabi/lib/armv7-m\libc.a(lib_a-init.o)
                              src\startup_stm32f10x_md.o (__libc_init_array)
c:/program files (x86)/atollic/truestudio for stm32 9.0.1/armtools/bin/../lib/gcc/arm-atollic-eabi/6.3.1/../../../../arm-atollic-eabi/lib/armv7-m\libc.a(lib_a-locale.o)
                              Libraries\Utilities\network.o (__locale_ctype_ptr)
c:/program files (x86)/atollic/truestudio for stm32 9.0.1/armtools/bin/../lib/gcc/arm-atollic-eabi/6.3.1/../../../../arm-atollic-eabi/lib/armv7-m\libc.a(lib_a-mbtowc_r.o)
                              c:/program files (x86)/atollic/truestudio for stm32 9.0.1/armtools/bin/../lib/gcc/arm-atollic-eabi/6.3.1/../../../../arm-atollic-eabi/lib/armv7-m\libc.a(lib_a-locale.o) (__ascii_mbtowc)
c:/program files (x86)/atollic/truestudio for stm32 9.0.1/armtools/bin/../lib/gcc/arm-atollic-eabi/6.3.1/../../../../arm-atollic-eabi/lib/armv7-m\libc.a(lib_a-memcpy-stub.o)
                              Libraries\Utilities\network.o (memcpy)
c:/program files (x86)/atollic/truestudio for stm32 9.0.1/armtools/bin/../lib/gcc/arm-atollic-eabi/6.3.1/../../../../arm-atollic-eabi/lib/armv7-m\libc.a(lib_a-memset.o)
                              Libraries\Utilities\network.o (memset)
c:/program files (x86)/atollic/truestudio for stm32 9.0.1/armtools/bin/../lib/gcc/arm-atollic-eabi/6.3.1/../../../../arm-atollic-eabi/lib/armv7-m\libc.a(lib_a-sprintf.o)
                              Libraries\Utilities\network.o (sprintf)
c:/program files (x86)/atollic/truestudio for stm32 9.0.1/armtools/bin/../lib/gcc/arm-atollic-eabi/6.3.1/../../../../arm-atollic-eabi/lib/armv7-m\libc.a(lib_a-strcmp.o)
                              c:/program files (x86)/atollic/truestudio for stm32 9.0.1/armtools/bin/../lib/gcc/arm-atollic-eabi/6.3.1/../../../../arm-atollic-eabi/lib/armv7-m\libc.a(lib_a-locale.o) (strcmp)
c:/program files (x86)/atollic/truestudio for stm32 9.0.1/armtools/bin/../lib/gcc/arm-atollic-eabi/6.3.1/../../../../arm-atollic-eabi/lib/armv7-m\libc.a(lib_a-strlen.o)
                              Libraries\Utilities\network.o (strlen)
c:/program files (x86)/atollic/truestudio for stm32 9.0.1/armtools/bin/../lib/gcc/arm-atollic-eabi/6.3.1/../../../../arm-atollic-eabi/lib/armv7-m\libc.a(lib_a-strncmp.o)
                              Libraries\Utilities\network.o (strncmp)
c:/program files (x86)/atollic/truestudio for stm32 9.0.1/armtools/bin/../lib/gcc/arm-atollic-eabi/6.3.1/../../../../arm-atollic-eabi/lib/armv7-m\libc.a(lib_a-svfprintf.o)
                              c:/program files (x86)/atollic/truestudio for stm32 9.0.1/armtools/bin/../lib/gcc/arm-atollic-eabi/6.3.1/../../../../arm-atollic-eabi/lib/armv7-m\libc.a(lib_a-sprintf.o) (_svfprintf_r)
c:/program files (x86)/atollic/truestudio for stm32 9.0.1/armtools/bin/../lib/gcc/arm-atollic-eabi/6.3.1/../../../../arm-atollic-eabi/lib/armv7-m\libc.a(lib_a-wctomb_r.o)
                              c:/program files (x86)/atollic/truestudio for stm32 9.0.1/armtools/bin/../lib/gcc/arm-atollic-eabi/6.3.1/../../../../arm-atollic-eabi/lib/armv7-m\libc.a(lib_a-locale.o) (__ascii_wctomb)
c:/program files (x86)/atollic/truestudio for stm32 9.0.1/armtools/bin/../lib/gcc/arm-atollic-eabi/6.3.1/../../../../arm-atollic-eabi/lib/armv7-m\libc.a(lib_a-ctype_.o)
                              c:/program files (x86)/atollic/truestudio for stm32 9.0.1/armtools/bin/../lib/gcc/arm-atollic-eabi/6.3.1/../../../../arm-atollic-eabi/lib/armv7-m\libc.a(lib_a-locale.o) (_ctype_)
c:/program files (x86)/atollic/truestudio for stm32 9.0.1/armtools/bin/../lib/gcc/arm-atollic-eabi/6.3.1/../../../../arm-atollic-eabi/lib/armv7-m\libc.a(lib_a-dtoa.o)
                              c:/program files (x86)/atollic/truestudio for stm32 9.0.1/armtools/bin/../lib/gcc/arm-atollic-eabi/6.3.1/../../../../arm-atollic-eabi/lib/armv7-m\libc.a(lib_a-svfprintf.o) (_dtoa_r)
c:/program files (x86)/atollic/truestudio for stm32 9.0.1/armtools/bin/../lib/gcc/arm-atollic-eabi/6.3.1/../../../../arm-atollic-eabi/lib/armv7-m\libc.a(lib_a-impure.o)
                              c:/program files (x86)/atollic/truestudio for stm32 9.0.1/armtools/bin/../lib/gcc/arm-atollic-eabi/6.3.1/../../../../arm-atollic-eabi/lib/armv7-m\libc.a(lib_a-locale.o) (_impure_ptr)
c:/program files (x86)/atollic/truestudio for stm32 9.0.1/armtools/bin/../lib/gcc/arm-atollic-eabi/6.3.1/../../../../arm-atollic-eabi/lib/armv7-m\libc.a(lib_a-localeconv.o)
                              c:/program files (x86)/atollic/truestudio for stm32 9.0.1/armtools/bin/../lib/gcc/arm-atollic-eabi/6.3.1/../../../../arm-atollic-eabi/lib/armv7-m\libc.a(lib_a-svfprintf.o) (_localeconv_r)
c:/program files (x86)/atollic/truestudio for stm32 9.0.1/armtools/bin/../lib/gcc/arm-atollic-eabi/6.3.1/../../../../arm-atollic-eabi/lib/armv7-m\libc.a(lib_a-malloc.o)
[...]
Memory Configuration

Name             Origin             Length             Attributes
FLASH            0x08000000         0x00010000         xr
RAM              0x20000000         0x00005000         xrw
MEMORY_B1        0x60000000         0x00000000         xr
*default*        0x00000000         0xffffffff

Linker script and memory map

LOAD c:/program files (x86)/atollic/truestudio for stm32 9.0.1/armtools/bin/../lib/gcc/arm-atollic-eabi/6.3.1/armv7-m/crti.o
LOAD c:/program files (x86)/atollic/truestudio for stm32 9.0.1/armtools/bin/../lib/gcc/arm-atollic-eabi/6.3.1/armv7-m/crtbegin.o
LOAD Libraries\STM32F10x_StdPeriph_Driver\src\misc.o
LOAD Libraries\STM32F10x_StdPeriph_Driver\src\stm32f10x_adc.o
LOAD Libraries\STM32F10x_StdPeriph_Driver\src\stm32f10x_bkp.o
LOAD Libraries\STM32F10x_StdPeriph_Driver\src\stm32f10x_can.o
LOAD Libraries\STM32F10x_StdPeriph_Driver\src\stm32f10x_cec.o
LOAD Libraries\STM32F10x_StdPeriph_Driver\src\stm32f10x_crc.o
LOAD Libraries\STM32F10x_StdPeriph_Driver\src\stm32f10x_dac.o
LOAD Libraries\STM32F10x_StdPeriph_Driver\src\stm32f10x_dbgmcu.o
LOAD Libraries\STM32F10x_StdPeriph_Driver\src\stm32f10x_dma.o
LOAD Libraries\STM32F10x_StdPeriph_Driver\src\stm32f10x_exti.o
LOAD Libraries\STM32F10x_StdPeriph_Driver\src\stm32f10x_flash.o
LOAD Libraries\STM32F10x_StdPeriph_Driver\src\stm32f10x_fsmc.o
LOAD Libraries\STM32F10x_StdPeriph_Driver\src\stm32f10x_gpio.o
LOAD Libraries\STM32F10x_StdPeriph_Driver\src\stm32f10x_i2c.o
LOAD Libraries\STM32F10x_StdPeriph_Driver\src\stm32f10x_iwdg.o
LOAD Libraries\STM32F10x_StdPeriph_Driver\src\stm32f10x_pwr.o
LOAD Libraries\STM32F10x_StdPeriph_Driver\src\stm32f10x_rcc.o
LOAD Libraries\STM32F10x_StdPeriph_Driver\src\stm32f10x_rtc.o
LOAD Libraries\STM32F10x_StdPeriph_Driver\src\stm32f10x_sdio.o
LOAD Libraries\STM32F10x_StdPeriph_Driver\src\stm32f10x_spi.o
LOAD Libraries\STM32F10x_StdPeriph_Driver\src\stm32f10x_tim.o
LOAD Libraries\STM32F10x_StdPeriph_Driver\src\stm32f10x_usart.o
LOAD Libraries\STM32F10x_StdPeriph_Driver\src\stm32f10x_wwdg.o
LOAD Libraries\Utilities\buffer.o
LOAD Libraries\Utilities\button.o
LOAD Libraries\Utilities\network.o
LOAD Libraries\Utilities\screen.o
LOAD Libraries\Utilities\timer.o
LOAD Libraries\Utilities\usart.o
LOAD Libraries\u8g2\u8g2_bitmap.o
LOAD Libraries\u8g2\u8g2_box.o
LOAD Libraries\u8g2\u8g2_buffer.o
LOAD Libraries\u8g2\u8g2_circle.o
LOAD Libraries\u8g2\u8g2_cleardisplay.o
LOAD Libraries\u8g2\u8g2_d_memory.o
LOAD Libraries\u8g2\u8g2_d_setup.o
LOAD Libraries\u8g2\u8g2_font.o
LOAD Libraries\u8g2\u8g2_fonts.o
LOAD Libraries\u8g2\u8g2_hvline.o
LOAD Libraries\u8g2\u8g2_input_value.o
LOAD Libraries\u8g2\u8g2_intersection.o
LOAD Libraries\u8g2\u8g2_kerning.o
LOAD Libraries\u8g2\u8g2_line.o
LOAD Libraries\u8g2\u8g2_ll_hvline.o
LOAD Libraries\u8g2\u8g2_message.o
LOAD Libraries\u8g2\u8g2_polygon.o
LOAD Libraries\u8g2\u8g2_selection_list.o
LOAD Libraries\u8g2\u8g2_setup.o
LOAD Libraries\u8g2\u8log.o
LOAD Libraries\u8g2\u8log_u8g2.o
LOAD Libraries\u8g2\u8log_u8x8.o
LOAD Libraries\u8g2\u8x8_8x8.o
LOAD Libraries\u8g2\u8x8_byte.o
LOAD Libraries\u8g2\u8x8_cad.o
LOAD Libraries\u8g2\u8x8_d_ssd1306_128x64_noname.o
LOAD Libraries\u8g2\u8x8_debounce.o
LOAD Libraries\u8g2\u8x8_display.o
LOAD Libraries\u8g2\u8x8_fonts.o
LOAD Libraries\u8g2\u8x8_gpio.o
LOAD Libraries\u8g2\u8x8_input_value.o
LOAD Libraries\u8g2\u8x8_message.o
LOAD Libraries\u8g2\u8x8_selection_list.o
LOAD Libraries\u8g2\u8x8_setup.o
LOAD Libraries\u8g2\u8x8_string.o
LOAD Libraries\u8g2\u8x8_u16toa.o
LOAD Libraries\u8g2\u8x8_u8toa.o
LOAD src\main.o
LOAD src\startup_stm32f10x_md.o
LOAD src\stm32f1xx_it.o
LOAD src\system_stm32f10x.o
                0x00000080                malloc_getpagesize_P = 0x80
START GROUP
LOAD c:/program files (x86)/atollic/truestudio for stm32 9.0.1/armtools/bin/../lib/gcc/arm-atollic-eabi/6.3.1/../../../../arm-atollic-eabi/lib/armv7-m\libc.a
LOAD c:/program files (x86)/atollic/truestudio for stm32 9.0.1/armtools/bin/../lib/gcc/arm-atollic-eabi/6.3.1/../../../../arm-atollic-eabi/lib/armv7-m\libm.a
END GROUP
START GROUP
LOAD c:/program files (x86)/atollic/truestudio for stm32 9.0.1/armtools/bin/../lib/gcc/arm-atollic-eabi/6.3.1/armv7-m\libgcc.a
LOAD c:/program files (x86)/atollic/truestudio for stm32 9.0.1/armtools/bin/../lib/gcc/arm-atollic-eabi/6.3.1/../../../../arm-atollic-eabi/lib/armv7-m\libc.a
END GROUP
START GROUP
LOAD c:/program files (x86)/atollic/truestudio for stm32 9.0.1/armtools/bin/../lib/gcc/arm-atollic-eabi/6.3.1/armv7-m\libgcc.a
LOAD c:/program files (x86)/atollic/truestudio for stm32 9.0.1/armtools/bin/../lib/gcc/arm-atollic-eabi/6.3.1/../../../../arm-atollic-eabi/lib/armv7-m\libc.a
LOAD c:/program files (x86)/atollic/truestudio for stm32 9.0.1/armtools/bin/../lib/gcc/arm-atollic-eabi/6.3.1/../../../../arm-atollic-eabi/lib/armv7-m\libnosys.a
END GROUP
LOAD c:/program files (x86)/atollic/truestudio for stm32 9.0.1/armtools/bin/../lib/gcc/arm-atollic-eabi/6.3.1/armv7-m/crtend.o
LOAD c:/program files (x86)/atollic/truestudio for stm32 9.0.1/armtools/bin/../lib/gcc/arm-atollic-eabi/6.3.1/armv7-m/crtn.o
                0x20005000                _estack = 0x20005000
                0x00000000                _Min_Heap_Size = 0x0
                0x00000100                _Min_Stack_Size = 0x100

.isr_vector     0x08000000      0x10c
                0x08000000                . = ALIGN (0x4)
 *(.isr_vector)
 .isr_vector    0x08000000      0x10c src\startup_stm32f10x_md.o
                0x08000000                g_pfnVectors
                0x0800010c                . = ALIGN (0x4)

.text           0x08000110     0x97e4
                0x08000110                . = ALIGN (0x4)
 *(.text)
 .text          0x08000110       0x40 c:/program files (x86)/atollic/truestudio for stm32 9.0.1/armtools/bin/../lib/gcc/arm-atollic-eabi/6.3.1/armv7-m/crtbegin.o
 .text          0x08000150       0x10 c:/program files (x86)/atollic/truestudio for stm32 9.0.1/armtools/bin/../lib/gcc/arm-atollic-eabi/6.3.1/../../../../arm-atollic-eabi/lib/armv7-m\libc.a(lib_a-strlen.o)
                0x08000150                strlen
 .text          0x08000160      0x370 c:/program files (x86)/atollic/truestudio for stm32 9.0.1/armtools/bin/../lib/gcc/arm-atollic-eabi/6.3.1/armv7-m\libgcc.a(_arm_addsubdf3.o)
                0x08000160                __aeabi_drsub
                0x08000168                __aeabi_dsub
                0x08000168                __subdf3
                0x0800016c                __aeabi_dadd
                0x0800016c                __adddf3
                0x080003e4                __floatunsidf
                0x080003e4                __aeabi_ui2d
                0x08000404                __floatsidf
                0x08000404                __aeabi_i2d
                0x08000428                __aeabi_f2d
                0x08000428                __extendsfdf2
                0x08000464                __floatundidf
                0x08000464                __aeabi_ul2d
                0x08000474                __floatdidf
                0x08000474                __aeabi_l2d
 .text          0x080004d0      0x424 c:/program files (x86)/atollic/truestudio for stm32 9.0.1/armtools/bin/../lib/gcc/arm-atollic-eabi/6.3.1/armv7-m\libgcc.a(_arm_muldivdf3.o)
                0x080004d0                __aeabi_dmul
                0x080004d0                __muldf3
                0x08000724                __divdf3
                0x08000724                __aeabi_ddiv
 .text          0x080008f4      0x110 c:/program files (x86)/atollic/truestudio for stm32 9.0.1/armtools/bin/../lib/gcc/arm-atollic-eabi/6.3.1/armv7-m\libgcc.a(_arm_cmpdf2.o)
                0x080008f4                __gtdf2
                0x080008f4                __gedf2
                0x080008fc                __ltdf2
                0x080008fc                __ledf2
                0x08000904                __nedf2
                0x08000904                __eqdf2
                0x08000904                __cmpdf2
                0x08000980                __aeabi_cdrcmple
                0x08000990                __aeabi_cdcmpeq
                0x08000990                __aeabi_cdcmple
                0x080009a0                __aeabi_dcmpeq
                0x080009b4                __aeabi_dcmplt
                0x080009c8                __aeabi_dcmple
                0x080009dc                __aeabi_dcmpge
                0x080009f0                __aeabi_dcmpgt
 .text          0x08000a04       0x2c c:/program files (x86)/atollic/truestudio for stm32 9.0.1/armtools/bin/../lib/gcc/arm-atollic-eabi/6.3.1/armv7-m\libgcc.a(_arm_unorddf2.o)
                0x08000a04                __unorddf2
                0x08000a04                __aeabi_dcmpun
 .text          0x08000a30       0x50 c:/program files (x86)/atollic/truestudio for stm32 9.0.1/armtools/bin/../lib/gcc/arm-atollic-eabi/6.3.1/armv7-m\libgcc.a(_arm_fixdfsi.o)
                0x08000a30                __aeabi_d2iz
                0x08000a30                __fixdfsi
 .text          0x08000a80       0x40 c:/program files (x86)/atollic/truestudio for stm32 9.0.1/armtools/bin/../lib/gcc/arm-atollic-eabi/6.3.1/armv7-m\libgcc.a(_arm_fixunsdfsi.o)
                0x08000a80                __aeabi_d2uiz
                0x08000a80                __fixunsdfsi
 .text          0x08000ac0       0x30 c:/program files (x86)/atollic/truestudio for stm32 9.0.1/armtools/bin/../lib/gcc/arm-atollic-eabi/6.3.1/armv7-m\libgcc.a(_aeabi_uldivmod.o)
                0x08000ac0                __aeabi_uldivmod
 .text          0x08000af0      0x2dc c:/program files (x86)/atollic/truestudio for stm32 9.0.1/armtools/bin/../lib/gcc/arm-atollic-eabi/6.3.1/armv7-m\libgcc.a(_udivmoddi4.o)
                0x08000af0                __udivmoddi4
 .text          0x08000dcc        0x4 c:/program files (x86)/atollic/truestudio for stm32 9.0.1/armtools/bin/../lib/gcc/arm-atollic-eabi/6.3.1/armv7-m\libgcc.a(_dvmd_tls.o)
                0x08000dcc                __aeabi_idiv0
                0x08000dcc                __aeabi_ldiv0
 *(.text*)
 .text.NVIC_PriorityGroupConfig
                0x08000dd0       0x24 Libraries\STM32F10x_StdPeriph_Driver\src\misc.o
                0x08000dd0                NVIC_PriorityGroupConfig
 .text.NVIC_Init
                0x08000df4       0xc4 Libraries\STM32F10x_StdPeriph_Driver\src\misc.o
                0x08000df4                NVIC_Init
 .text.EXTI_Init
                0x08000eb8       0xe4 Libraries\STM32F10x_StdPeriph_Driver\src\stm32f10x_exti.o
                0x08000eb8                EXTI_Init
 .text.EXTI_GetITStatus
                0x08000f9c       0x48 Libraries\STM32F10x_StdPeriph_Driver\src\stm32f10x_exti.o
                0x08000f9c                EXTI_GetITStatus
 .text.EXTI_ClearITPendingBit
                0x08000fe4       0x1c Libraries\STM32F10x_StdPeriph_Driver\src\stm32f10x_exti.o
                0x08000fe4                EXTI_ClearITPendingBit
 .text.GPIO_Init
                0x08001000      0x178 Libraries\STM32F10x_StdPeriph_Driver\src\stm32f10x_gpio.o
                0x08001000                GPIO_Init
 .text.GPIO_WriteBit
                0x08001178       0x2e Libraries\STM32F10x_StdPeriph_Driver\src\stm32f10x_gpio.o
                0x08001178                GPIO_WriteBit
 *fill*         0x080011a6        0x2 
 .text.GPIO_EXTILineConfig
                0x080011a8       0x84 Libraries\STM32F10x_StdPeriph_Driver\src\stm32f10x_gpio.o
                0x080011a8                GPIO_EXTILineConfig
 .text.RCC_GetClocksFreq
                0x0800122c      0x160 Libraries\STM32F10x_StdPeriph_Driver\src\stm32f10x_rcc.o
                0x0800122c                RCC_GetClocksFreq
 .text.RCC_APB2PeriphClockCmd
                0x0800138c       0x3c Libraries\STM32F10x_StdPeriph_Driver\src\stm32f10x_rcc.o
                0x0800138c                RCC_APB2PeriphClockCmd
 .text.RCC_APB1PeriphClockCmd
                0x080013c8       0x3c Libraries\STM32F10x_StdPeriph_Driver\src\stm32f10x_rcc.o
                0x080013c8                RCC_APB1PeriphClockCmd
 .text.TIM_TimeBaseInit
                0x08001404       0xf8 Libraries\STM32F10x_StdPeriph_Driver\src\stm32f10x_tim.o
                0x08001404                TIM_TimeBaseInit
 .text.TIM_TimeBaseStructInit
                0x080014fc       0x32 Libraries\STM32F10x_StdPeriph_Driver\src\stm32f10x_tim.o
                0x080014fc                TIM_TimeBaseStructInit
 .text.TIM_Cmd  0x0800152e       0x3e Libraries\STM32F10x_StdPeriph_Driver\src\stm32f10x_tim.o
                0x0800152e                TIM_Cmd
 .text.TIM_ITConfig
                0x0800156c       0x46 Libraries\STM32F10x_StdPeriph_Driver\src\stm32f10x_tim.o
                0x0800156c                TIM_ITConfig
 .text.TIM_GetITStatus
                0x080015b2       0x52 Libraries\STM32F10x_StdPeriph_Driver\src\stm32f10x_tim.o
                0x080015b2                TIM_GetITStatus
 .text.TIM_ClearITPendingBit
                0x08001604       0x20 Libraries\STM32F10x_StdPeriph_Driver\src\stm32f10x_tim.o
                0x08001604                TIM_ClearITPendingBit
 .text.USART_Init
                0x08001624      0x174 Libraries\STM32F10x_StdPeriph_Driver\src\stm32f10x_usart.o
                0x08001624                USART_Init
 .text.USART_ClockInit
                0x08001798       0x56 Libraries\STM32F10x_StdPeriph_Driver\src\stm32f10x_usart.o
                0x08001798                USART_ClockInit
 .text.USART_ClockStructInit
                0x080017ee       0x2a Libraries\STM32F10x_StdPeriph_Driver\src\stm32f10x_usart.o
                0x080017ee                USART_ClockStructInit
 .text.USART_Cmd
                0x08001818       0x3e Libraries\STM32F10x_StdPeriph_Driver\src\stm32f10x_usart.o
                0x08001818                USART_Cmd
 .text.USART_ITConfig
                0x08001856       0x8e Libraries\STM32F10x_StdPeriph_Driver\src\stm32f10x_usart.o
                0x08001856                USART_ITConfig
 .text.USART_SendData
                0x080018e4       0x22 Libraries\STM32F10x_StdPeriph_Driver\src\stm32f10x_usart.o
                0x080018e4                USART_SendData
 .text.USART_ReceiveData
                0x08001906       0x1e Libraries\STM32F10x_StdPeriph_Driver\src\stm32f10x_usart.o
                0x08001906                USART_ReceiveData
 .text.USART_GetITStatus
                0x08001924       0xb4 Libraries\STM32F10x_StdPeriph_Driver\src\stm32f10x_usart.o
                0x08001924                USART_GetITStatus
 .text.BufferInit
                0x080019d8       0x24 Libraries\Utilities\buffer.o
                0x080019d8                BufferInit
 .text.BufferPut
                0x080019fc       0x60 Libraries\Utilities\buffer.o
                0x080019fc                BufferPut
 .text.BufferGet
                0x08001a5c       0x60 Libraries\Utilities\buffer.o
                0x08001a5c                BufferGet
 .text.BufferIsEmpty
                0x08001abc       0x26 Libraries\Utilities\buffer.o
                0x08001abc                BufferIsEmpty
 *fill*         0x08001ae2        0x2 
 .text.setupButton
                0x08001ae4       0x78 Libraries\Utilities\button.o
                0x08001ae4                setupButton
 .text.setupNetwork
                0x08001b5c       0xa8 Libraries\Utilities\network.o
                0x08001b5c                setupNetwork
 .text.startNetwork
                0x08001c04       0x94 Libraries\Utilities\network.o
                0x08001c04                startNetwork
 .text.send_and_get_response_std
                0x08001c98       0x60 Libraries\Utilities\network.o
                0x08001c98                send_and_get_response_std
 .text.startsWith
                0x08001cf8       0x50 Libraries\Utilities\network.o
                0x08001cf8                startsWith
 .text.getNTPTime
                0x08001d48      0x10c Libraries\Utilities\network.o
                0x08001d48                getNTPTime
 .text.sendLine
                0x08001e54       0x42 Libraries\Utilities\network.o
                0x08001e54                sendLine
 .text.sendData
                0x08001e96       0x3a Libraries\Utilities\network.o
                0x08001e96                sendData
 .text.getStream
                0x08001ed0       0x50 Libraries\Utilities\network.o
                0x08001ed0                getStream
 .text.getUntilch
                0x08001f20       0x5a Libraries\Utilities\network.o
                0x08001f20                getUntilch
 *fill*         0x08001f7a        0x2 
 .text.getEpoch
                0x08001f7c       0x50 Libraries\Utilities\network.o
                0x08001f7c                getEpoch
 .text.checkNetwork
                0x08001fcc       0x74 Libraries\Utilities\network.o
                0x08001fcc                checkNetwork
 .text.sendWebPage
                0x08002040      0x1c0 Libraries\Utilities\network.o
                0x08002040                sendWebPage
 .text.getIPAddress
                0x08002200      0x888 Libraries\Utilities\network.o
                0x08002200                getIPAddress
 .text.asciiToint
                0x08002a88       0x18 Libraries\Utilities\network.o
                0x08002a88                asciiToint
 .text.monitorNetwork
                0x08002aa0      0x268 Libraries\Utilities\network.o
                0x08002aa0                monitorNetwork
 .text.urldecode2
                0x08002d08       0xf8 Libraries\Utilities\network.o
                0x08002d08                urldecode2
 .text.setupDisplay
                0x08002e00       0x40 Libraries\Utilities\screen.o
                0x08002e00                setupDisplay
 .text.u8g2_gpio_and_delay_stm32
                0x08002e40      0x1d4 Libraries\Utilities\screen.o
                0x08002e40                u8g2_gpio_and_delay_stm32
 .text.showScreen
                0x08003014      0x2e4 Libraries\Utilities\screen.o
                0x08003014                showScreen
 .text.calcDate
                0x080032f8      0x1e8 Libraries\Utilities\screen.o
                0x080032f8                calcDate
 .text.NVIC_SetPriority
                0x080034e0       0x54 Libraries\Utilities\timer.o
 .text.NVIC_EncodePriority
                0x08003534       0x64 Libraries\Utilities\timer.o
 .text.SysTick_Config
                0x08003598       0x44 Libraries\Utilities\timer.o
 .text.setupSystick
                0x080035dc       0x40 Libraries\Utilities\timer.o
                0x080035dc                setupSystick
 .text.setupClockTimer
                0x0800361c       0x70 Libraries\Utilities\timer.o
                0x0800361c                setupClockTimer
 .text.Usart1Init
                0x0800368c       0xd4 Libraries\Utilities\usart.o
                0x0800368c                Usart1Init
 .text.Usart1Put
                0x08003760       0x30 Libraries\Utilities\usart.o
                0x08003760                Usart1Put
 .text.Usart1Get
                0x08003790       0x68 Libraries\Utilities\usart.o
                0x08003790                Usart1Get
 .text.u8g2_ClearBuffer
                0x080037f8       0x3c Libraries\u8g2\u8g2_buffer.o
                0x080037f8                u8g2_ClearBuffer
 .text.u8g2_send_tile_row
                0x08003834       0x56 Libraries\u8g2\u8g2_buffer.o
 .text.u8g2_send_buffer
                0x0800388a       0x54 Libraries\u8g2\u8g2_buffer.o
 .text.u8g2_SendBuffer
                0x080038de       0x1c Libraries\u8g2\u8g2_buffer.o
                0x080038de                u8g2_SendBuffer
 *fill*         0x080038fa        0x2 
 .text.u8g2_m_16_8_f
                0x080038fc       0x20 Libraries\u8g2\u8g2_d_memory.o
                0x080038fc                u8g2_m_16_8_f
 .text.u8g2_Setup_ssd1306_128x64_noname_f
                0x0800391c       0x50 Libraries\u8g2\u8g2_d_setup.o
                0x0800391c                u8g2_Setup_ssd1306_128x64_noname_f
 .text.u8g2_font_get_byte
                0x0800396c       0x22 Libraries\u8g2\u8g2_font.o
 .text.u8g2_font_get_word
                0x0800398e       0x3e Libraries\u8g2\u8g2_font.o
 .text.u8g2_read_font_info
                0x080039cc      0x152 Libraries\u8g2\u8g2_font.o
                0x080039cc                u8g2_read_font_info
 .text.u8g2_font_decode_get_unsigned_bits
                0x08003b1e       0x92 Libraries\u8g2\u8g2_font.o
                0x08003b1e                u8g2_font_decode_get_unsigned_bits
 .text.u8g2_font_decode_get_signed_bits
                0x08003bb0       0x46 Libraries\u8g2\u8g2_font.o
                0x08003bb0                u8g2_font_decode_get_signed_bits
 .text.u8g2_add_vector_y
                0x08003bf6       0x60 Libraries\u8g2\u8g2_font.o
 .text.u8g2_add_vector_x
                0x08003c56       0x60 Libraries\u8g2\u8g2_font.o
 .text.u8g2_font_decode_len
                0x08003cb6      0x10c Libraries\u8g2\u8g2_font.o
                0x08003cb6                u8g2_font_decode_len
 .text.u8g2_font_setup_decode
                0x08003dc2       0x6e Libraries\u8g2\u8g2_font.o
 .text.u8g2_font_decode_glyph
                0x08003e30      0x20c Libraries\u8g2\u8g2_font.o
                0x08003e30                u8g2_font_decode_glyph
 .text.u8g2_font_get_glyph_data
                0x0800403c      0x100 Libraries\u8g2\u8g2_font.o
                0x0800403c                u8g2_font_get_glyph_data
 .text.u8g2_font_draw_glyph
                0x0800413c       0x56 Libraries\u8g2\u8g2_font.o
 .text.u8g2_GetGlyphWidth
                0x08004192       0x7a Libraries\u8g2\u8g2_font.o
                0x08004192                u8g2_GetGlyphWidth
 .text.u8g2_DrawGlyph
                0x0800420c       0xa4 Libraries\u8g2\u8g2_font.o
                0x0800420c                u8g2_DrawGlyph
 .text.u8g2_draw_string
                0x080042b0       0xb8 Libraries\u8g2\u8g2_font.o
 .text.u8g2_DrawStr
                0x08004368       0x34 Libraries\u8g2\u8g2_font.o
                0x08004368                u8g2_DrawStr
 .text.u8g2_UpdateRefHeight
                0x0800439c       0xd6 Libraries\u8g2\u8g2_font.o
                0x0800439c                u8g2_UpdateRefHeight
 .text.u8g2_font_calc_vref_font
                0x08004472       0x14 Libraries\u8g2\u8g2_font.o
                0x08004472                u8g2_font_calc_vref_font
 *fill*         0x08004486        0x2 
 .text.u8g2_SetFontPosBaseline
                0x08004488       0x1c Libraries\u8g2\u8g2_font.o
                0x08004488                u8g2_SetFontPosBaseline
 .text.u8g2_SetFont
                0x080044a4       0x34 Libraries\u8g2\u8g2_font.o
                0x080044a4                u8g2_SetFont
 .text.u8g2_string_width
                0x080044d8       0x9e Libraries\u8g2\u8g2_font.o
 *fill*         0x08004576        0x2 
 .text.u8g2_GetStrWidth
                0x08004578       0x28 Libraries\u8g2\u8g2_font.o
                0x08004578                u8g2_GetStrWidth
 .text.u8g2_clip_intersection
                0x080045a0       0x76 Libraries\u8g2\u8g2_hvline.o
 .text.u8g2_draw_hv_line_2dir
                0x08004616       0xc4 Libraries\u8g2\u8g2_hvline.o
 .text.u8g2_draw_hv_line_4dir
                0x080046da       0xac Libraries\u8g2\u8g2_hvline.o
                0x080046da                u8g2_draw_hv_line_4dir
 .text.u8g2_DrawHVLine
                0x08004786       0x3e Libraries\u8g2\u8g2_hvline.o
                0x08004786                u8g2_DrawHVLine
 .text.u8g2_DrawPixel
                0x080047c4       0x66 Libraries\u8g2\u8g2_hvline.o
                0x080047c4                u8g2_DrawPixel
 .text.u8g2_is_intersection_decision_tree
                0x0800482a       0x66 Libraries\u8g2\u8g2_intersection.o
                0x0800482a                u8g2_is_intersection_decision_tree
 .text.u8g2_IsIntersection
                0x08004890       0x56 Libraries\u8g2\u8g2_intersection.o
                0x08004890                u8g2_IsIntersection
 .text.u8g2_DrawLine
                0x080048e6      0x12c Libraries\u8g2\u8g2_line.o
                0x080048e6                u8g2_DrawLine
 .text.u8g2_ll_hvline_vertical_top_lsb
                0x08004a12      0x140 Libraries\u8g2\u8g2_ll_hvline.o
                0x08004a12                u8g2_ll_hvline_vertical_top_lsb
 .text.u8g2_SetupBuffer
                0x08004b52       0x78 Libraries\u8g2\u8g2_setup.o
                0x08004b52                u8g2_SetupBuffer
 .text.u8g2_update_dimension_common
                0x08004bca       0xe8 Libraries\u8g2\u8g2_setup.o
 .text.u8g2_update_dimension_r0
                0x08004cb2       0x42 Libraries\u8g2\u8g2_setup.o
                0x08004cb2                u8g2_update_dimension_r0
 .text.u8g2_draw_l90_r0
                0x08004cf4       0x34 Libraries\u8g2\u8g2_setup.o
                0x08004cf4                u8g2_draw_l90_r0
 .text.u8x8_utf8_init
                0x08004d28       0x1a Libraries\u8g2\u8x8_8x8.o
                0x08004d28                u8x8_utf8_init
 .text.u8x8_ascii_next
                0x08004d42       0x2c Libraries\u8g2\u8x8_8x8.o
                0x08004d42                u8x8_ascii_next
 .text.u8x8_byte_SetDC
                0x08004d6e       0x24 Libraries\u8g2\u8x8_byte.o
                0x08004d6e                u8x8_byte_SetDC
 .text.u8x8_byte_SendBytes
                0x08004d92       0x26 Libraries\u8g2\u8x8_byte.o
                0x08004d92                u8x8_byte_SendBytes
 .text.u8x8_byte_SendByte
                0x08004db8       0x22 Libraries\u8g2\u8x8_byte.o
                0x08004db8                u8x8_byte_SendByte
 *fill*         0x08004dda        0x2 
 .text.u8x8_byte_4wire_sw_spi
                0x08004ddc      0x188 Libraries\u8g2\u8x8_byte.o
                0x08004ddc                u8x8_byte_4wire_sw_spi
 .text.u8x8_cad_SendCmd
                0x08004f64       0x24 Libraries\u8g2\u8x8_cad.o
                0x08004f64                u8x8_cad_SendCmd
 .text.u8x8_cad_SendArg
                0x08004f88       0x24 Libraries\u8g2\u8x8_cad.o
                0x08004f88                u8x8_cad_SendArg
 .text.u8x8_cad_SendData
                0x08004fac       0x26 Libraries\u8g2\u8x8_cad.o
                0x08004fac                u8x8_cad_SendData
 .text.u8x8_cad_StartTransfer
                0x08004fd2       0x20 Libraries\u8g2\u8x8_cad.o
                0x08004fd2                u8x8_cad_StartTransfer
 .text.u8x8_cad_EndTransfer
                0x08004ff2       0x20 Libraries\u8g2\u8x8_cad.o
                0x08004ff2                u8x8_cad_EndTransfer
 .text.u8x8_cad_SendSequence
                0x08005012       0x9c Libraries\u8g2\u8x8_cad.o
                0x08005012                u8x8_cad_SendSequence
 *fill*         0x080050ae        0x2 
 .text.u8x8_cad_001
                0x080050b0       0x88 Libraries\u8g2\u8x8_cad.o
                0x080050b0                u8x8_cad_001
 .text.u8x8_d_ssd1306_sh1106_generic
                0x08005138      0x148 Libraries\u8g2\u8x8_d_ssd1306_128x64_noname.o
 .text.u8x8_d_ssd1306_128x64_noname
                0x08005280       0x64 Libraries\u8g2\u8x8_d_ssd1306_128x64_noname.o
                0x08005280                u8x8_d_ssd1306_128x64_noname
 .text.u8x8_d_helper_display_setup_memory
                0x080052e4       0x24 Libraries\u8g2\u8x8_display.o
                0x080052e4                u8x8_d_helper_display_setup_memory
 .text.u8x8_d_helper_display_init
                0x08005308       0x7a Libraries\u8g2\u8x8_display.o
                0x08005308                u8x8_d_helper_display_init
 .text.u8x8_DrawTile
                0x08005382       0x44 Libraries\u8g2\u8x8_display.o
                0x08005382                u8x8_DrawTile
 .text.u8x8_SetupMemory
                0x080053c6       0x1e Libraries\u8g2\u8x8_display.o
                0x080053c6                u8x8_SetupMemory
 .text.u8x8_InitDisplay
                0x080053e4       0x1e Libraries\u8g2\u8x8_display.o
                0x080053e4                u8x8_InitDisplay
 .text.u8x8_SetPowerSave
                0x08005402       0x22 Libraries\u8g2\u8x8_display.o
                0x08005402                u8x8_SetPowerSave
 .text.u8x8_SetContrast
                0x08005424       0x22 Libraries\u8g2\u8x8_display.o
                0x08005424                u8x8_SetContrast
 .text.u8x8_RefreshDisplay
                0x08005446       0x1e Libraries\u8g2\u8x8_display.o
                0x08005446                u8x8_RefreshDisplay
 .text.u8x8_gpio_call
                0x08005464       0x26 Libraries\u8g2\u8x8_gpio.o
                0x08005464                u8x8_gpio_call
 .text.u8x8_dummy_cb
                0x0800548a       0x1e Libraries\u8g2\u8x8_setup.o
                0x0800548a                u8x8_dummy_cb
 .text.u8x8_SetupDefaults
                0x080054a8       0x5c Libraries\u8g2\u8x8_setup.o
                0x080054a8                u8x8_SetupDefaults
 .text.u8x8_Setup
                0x08005504       0x3a Libraries\u8g2\u8x8_setup.o
                0x08005504                u8x8_Setup
 *fill*         0x0800553e        0x2 
 .text.main     0x08005540       0x50 src\main.o
                0x08005540                main
 .text.Reset_Handler
                0x08005590       0x50 src\startup_stm32f10x_md.o
                0x08005590                Reset_Handler
 .text.Default_Handler
                0x080055e0        0x2 src\startup_stm32f10x_md.o
                0x080055e0                EXTI2_IRQHandler
                0x080055e0                TIM1_CC_IRQHandler
                0x080055e0                PVD_IRQHandler
                0x080055e0                EXTI3_IRQHandler
                0x080055e0                EXTI0_IRQHandler
                0x080055e0                I2C2_EV_IRQHandler
                0x080055e0                ADC1_2_IRQHandler
                0x080055e0                SPI1_IRQHandler
                0x080055e0                TAMPER_IRQHandler
                0x080055e0                DMA1_Channel4_IRQHandler
                0x080055e0                USART3_IRQHandler
                0x080055e0                RTC_IRQHandler
                0x080055e0                DMA1_Channel7_IRQHandler
                0x080055e0                CAN1_RX1_IRQHandler
                0x080055e0                I2C1_EV_IRQHandler
                0x080055e0                DMA1_Channel6_IRQHandler
                0x080055e0                TIM3_IRQHandler
                0x080055e0                RCC_IRQHandler
                0x080055e0                TIM1_TRG_COM_IRQHandler
                0x080055e0                DMA1_Channel1_IRQHandler
                0x080055e0                Default_Handler
                0x080055e0                EXTI15_10_IRQHandler
                0x080055e0                SPI2_IRQHandler
                0x080055e0                DMA1_Channel5_IRQHandler
                0x080055e0                EXTI4_IRQHandler
                0x080055e0                USB_LP_CAN1_RX0_IRQHandler
                0x080055e0                USB_HP_CAN1_TX_IRQHandler
                0x080055e0                DMA1_Channel3_IRQHandler
                0x080055e0                TIM1_UP_IRQHandler
                0x080055e0                WWDG_IRQHandler
                0x080055e0                TIM2_IRQHandler
                0x080055e0                TIM1_BRK_IRQHandler
                0x080055e0                EXTI1_IRQHandler
                0x080055e0                RTCAlarm_IRQHandler
                0x080055e0                USART2_IRQHandler
                0x080055e0                I2C2_ER_IRQHandler
                0x080055e0                DMA1_Channel2_IRQHandler
                0x080055e0                CAN1_SCE_IRQHandler
                0x080055e0                FLASH_IRQHandler
                0x080055e0                I2C1_ER_IRQHandler
                0x080055e0                USBWakeUp_IRQHandler
 .text.NMI_Handler
                0x080055e2        0xc src\stm32f1xx_it.o
                0x080055e2                NMI_Handler
 .text.HardFault_Handler
                0x080055ee        0x6 src\stm32f1xx_it.o
                0x080055ee                HardFault_Handler
 .text.MemManage_Handler
                0x080055f4        0x6 src\stm32f1xx_it.o
                0x080055f4                MemManage_Handler
 .text.BusFault_Handler
                0x080055fa        0x6 src\stm32f1xx_it.o
                0x080055fa                BusFault_Handler
 .text.UsageFault_Handler
                0x08005600        0x6 src\stm32f1xx_it.o
                0x08005600                UsageFault_Handler
 .text.SVC_Handler
                0x08005606        0xc src\stm32f1xx_it.o
                0x08005606                SVC_Handler
 .text.DebugMon_Handler
                0x08005612        0xc src\stm32f1xx_it.o
                0x08005612                DebugMon_Handler
 .text.PendSV_Handler
                0x0800561e        0xc src\stm32f1xx_it.o
                0x0800561e                PendSV_Handler
 *fill*         0x0800562a        0x2 
 .text.SysTick_Handler
                0x0800562c       0x20 src\stm32f1xx_it.o
                0x0800562c                SysTick_Handler
 .text.milis    0x0800564c       0x14 src\stm32f1xx_it.o
                0x0800564c                milis
 .text.delay    0x08005660       0x28 src\stm32f1xx_it.o
                0x08005660                delay
 .text.TIM4_IRQHandler
                0x08005688      0x110 src\stm32f1xx_it.o
                0x08005688                TIM4_IRQHandler
 .text.USART1_IRQHandler
                0x08005798       0x7c src\stm32f1xx_it.o
                0x08005798                USART1_IRQHandler
 .text.EXTI9_5_IRQHandler
                0x08005814       0x7c src\stm32f1xx_it.o
                0x08005814                EXTI9_5_IRQHandler
 .text.SystemInit
                0x08005890       0x68 src\system_stm32f10x.o
                0x08005890                SystemInit
 .text.SetSysClock
                0x080058f8        0xc src\system_stm32f10x.o
 .text.SetSysClockTo72
                0x08005904      0x100 src\system_stm32f10x.o
 .text.__libc_init_array
                0x08005a04       0x48 c:/program files (x86)/atollic/truestudio for stm32 9.0.1/armtools/bin/../lib/gcc/arm-atollic-eabi/6.3.1/../../../../arm-atollic-eabi/lib/armv7-m\libc.a(lib_a-init.o)
                0x08005a04                __libc_init_array
 .text.__locale_ctype_ptr
                0x08005a4c       0x1c c:/program files (x86)/atollic/truestudio for stm32 9.0.1/armtools/bin/../lib/gcc/arm-atollic-eabi/6.3.1/../../../../arm-atollic-eabi/lib/armv7-m\libc.a(lib_a-locale.o)
                0x08005a4c                __locale_ctype_ptr
 .text.__ascii_mbtowc
                0x08005a68       0x24 c:/program files (x86)/atollic/truestudio for stm32 9.0.1/armtools/bin/../lib/gcc/arm-atollic-eabi/6.3.1/../../../../arm-atollic-eabi/lib/armv7-m\libc.a(lib_a-mbtowc_r.o)
                0x08005a68                __ascii_mbtowc
 .text.memcpy   0x08005a8c       0x16 c:/program files (x86)/atollic/truestudio for stm32 9.0.1/armtools/bin/../lib/gcc/arm-atollic-eabi/6.3.1/../../../../arm-atollic-eabi/lib/armv7-m\libc.a(lib_a-memcpy-stub.o)
                0x08005a8c                memcpy
 .text.memset   0x08005aa2       0x10 c:/program files (x86)/atollic/truestudio for stm32 9.0.1/armtools/bin/../lib/gcc/arm-atollic-eabi/6.3.1/../../../../arm-atollic-eabi/lib/armv7-m\libc.a(lib_a-memset.o)
                0x08005aa2                memset
 *fill*         0x08005ab2        0x2 
 .text.sprintf  0x08005ab4       0x48 c:/program files (x86)/atollic/truestudio for stm32 9.0.1/armtools/bin/../lib/gcc/arm-atollic-eabi/6.3.1/../../../../arm-atollic-eabi/lib/armv7-m\libc.a(lib_a-sprintf.o)
                0x08005ab4                sprintf
 .text.strncmp  0x08005afc       0x24 c:/program files (x86)/atollic/truestudio for stm32 9.0.1/armtools/bin/../lib/gcc/arm-atollic-eabi/6.3.1/../../../../arm-atollic-eabi/lib/armv7-m\libc.a(lib_a-strncmp.o)
                0x08005afc                strncmp
 .text._svfprintf_r
                0x08005b20      0xfa0 c:/program files (x86)/atollic/truestudio for stm32 9.0.1/armtools/bin/../lib/gcc/arm-atollic-eabi/6.3.1/../../../../arm-atollic-eabi/lib/armv7-m\libc.a(lib_a-svfprintf.o)
                0x08005b20                _svfprintf_r
 .text.__ascii_wctomb
                0x08006ac0       0x1a c:/program files (x86)/atollic/truestudio for stm32 9.0.1/armtools/bin/../lib/gcc/arm-atollic-eabi/6.3.1/../../../../arm-atollic-eabi/lib/armv7-m\libc.a(lib_a-wctomb_r.o)
                0x08006ac0                __ascii_wctomb
 .text.quorem   0x08006ada      0x118 c:/program files (x86)/atollic/truestudio for stm32 9.0.1/armtools/bin/../lib/gcc/arm-atollic-eabi/6.3.1/../../../../arm-atollic-eabi/lib/armv7-m\libc.a(lib_a-dtoa.o)
 *fill*         0x08006bf2        0x6 
 .text._dtoa_r  0x08006bf8      0xba8 c:/program files (x86)/atollic/truestudio for stm32 9.0.1/armtools/bin/../lib/gcc/arm-atollic-eabi/6.3.1/../../../../arm-atollic-eabi/lib/armv7-m\libc.a(lib_a-dtoa.o)
                0x08006bf8                _dtoa_r
 .text._localeconv_r
                0x080077a0       0x1c c:/program files (x86)/atollic/truestudio for stm32 9.0.1/armtools/bin/../lib/gcc/arm-atollic-eabi/6.3.1/../../../../arm-atollic-eabi/lib/armv7-m\libc.a(lib_a-localeconv.o)
                0x080077a0                _localeconv_r
 .text.malloc   0x080077bc       0x10 c:/program files (x86)/atollic/truestudio for stm32 9.0.1/armtools/bin/../lib/gcc/arm-atollic-eabi/6.3.1/../../../../arm-atollic-eabi/lib/armv7-m\libc.a(lib_a-malloc.o)
                0x080077bc                malloc
 .text._malloc_r
                0x080077cc      0x418 c:/program files (x86)/atollic/truestudio for stm32 9.0.1/armtools/bin/../lib/gcc/arm-atollic-eabi/6.3.1/../../../../arm-atollic-eabi/lib/armv7-m\libc.a(lib_a-mallocr.o)
                0x080077cc                _malloc_r
 .text.memchr   0x08007be4       0x1c c:/program files (x86)/atollic/truestudio for stm32 9.0.1/armtools/bin/../lib/gcc/arm-atollic-eabi/6.3.1/../../../../arm-atollic-eabi/lib/armv7-m\libc.a(lib_a-memchr-stub.o)
                0x08007be4                memchr
 .text.__malloc_lock
                0x08007c00        0xc c:/program files (x86)/atollic/truestudio for stm32 9.0.1/armtools/bin/../lib/gcc/arm-atollic-eabi/6.3.1/../../../../arm-atollic-eabi/lib/armv7-m\libc.a(lib_a-mlock.o)
                0x08007c00                __malloc_lock
 .text.__malloc_unlock
                0x08007c0c        0xc c:/program files (x86)/atollic/truestudio for stm32 9.0.1/armtools/bin/../lib/gcc/arm-atollic-eabi/6.3.1/../../../../arm-atollic-eabi/lib/armv7-m\libc.a(lib_a-mlock.o)
                0x08007c0c                __malloc_unlock
 .text._Balloc  0x08007c18       0x68 c:/program files (x86)/atollic/truestudio for stm32 9.0.1/armtools/bin/../lib/gcc/arm-atollic-eabi/6.3.1/../../../../arm-atollic-eabi/lib/armv7-m\libc.a(lib_a-mprec.o)
                0x08007c18                _Balloc
 .text._Bfree   0x08007c80       0x2e c:/program files (x86)/atollic/truestudio for stm32 9.0.1/armtools/bin/../lib/gcc/arm-atollic-eabi/6.3.1/../../../../arm-atollic-eabi/lib/armv7-m\libc.a(lib_a-mprec.o)
                0x08007c80                _Bfree
 .text.__multadd
                0x08007cae       0x76 c:/program files (x86)/atollic/truestudio for stm32 9.0.1/armtools/bin/../lib/gcc/arm-atollic-eabi/6.3.1/../../../../arm-atollic-eabi/lib/armv7-m\libc.a(lib_a-mprec.o)
                0x08007cae                __multadd
 .text.__hi0bits
                0x08007d24       0x3e c:/program files (x86)/atollic/truestudio for stm32 9.0.1/armtools/bin/../lib/gcc/arm-atollic-eabi/6.3.1/../../../../arm-atollic-eabi/lib/armv7-m\libc.a(lib_a-mprec.o)
                0x08007d24                __hi0bits
 .text.__lo0bits
                0x08007d62       0x5e c:/program files (x86)/atollic/truestudio for stm32 9.0.1/armtools/bin/../lib/gcc/arm-atollic-eabi/6.3.1/../../../../arm-atollic-eabi/lib/armv7-m\libc.a(lib_a-mprec.o)
                0x08007d62                __lo0bits
 .text.__i2b    0x08007dc0       0x12 c:/program files (x86)/atollic/truestudio for stm32 9.0.1/armtools/bin/../lib/gcc/arm-atollic-eabi/6.3.1/../../../../arm-atollic-eabi/lib/armv7-m\libc.a(lib_a-mprec.o)
                0x08007dc0                __i2b
 .text.__multiply
                0x08007dd2      0x118 c:/program files (x86)/atollic/truestudio for stm32 9.0.1/armtools/bin/../lib/gcc/arm-atollic-eabi/6.3.1/../../../../arm-atollic-eabi/lib/armv7-m\libc.a(lib_a-mprec.o)
                0x08007dd2                __multiply
 *fill*         0x08007eea        0x2 
 .text.__pow5mult
                0x08007eec       0x9c c:/program files (x86)/atollic/truestudio for stm32 9.0.1/armtools/bin/../lib/gcc/arm-atollic-eabi/6.3.1/../../../../arm-atollic-eabi/lib/armv7-m\libc.a(lib_a-mprec.o)
                0x08007eec                __pow5mult
 .text.__lshift
                0x08007f88       0xa2 c:/program files (x86)/atollic/truestudio for stm32 9.0.1/armtools/bin/../lib/gcc/arm-atollic-eabi/6.3.1/../../../../arm-atollic-eabi/lib/armv7-m\libc.a(lib_a-mprec.o)
                0x08007f88                __lshift
 .text.__mcmp   0x0800802a       0x34 c:/program files (x86)/atollic/truestudio for stm32 9.0.1/armtools/bin/../lib/gcc/arm-atollic-eabi/6.3.1/../../../../arm-atollic-eabi/lib/armv7-m\libc.a(lib_a-mprec.o)
                0x0800802a                __mcmp
 .text.__mdiff  0x0800805e       0xbe c:/program files (x86)/atollic/truestudio for stm32 9.0.1/armtools/bin/../lib/gcc/arm-atollic-eabi/6.3.1/../../../../arm-atollic-eabi/lib/armv7-m\libc.a(lib_a-mprec.o)
                0x0800805e                __mdiff
 .text.__d2b    0x0800811c       0x9e c:/program files (x86)/atollic/truestudio for stm32 9.0.1/armtools/bin/../lib/gcc/arm-atollic-eabi/6.3.1/../../../../arm-atollic-eabi/lib/armv7-m\libc.a(lib_a-mprec.o)
                0x0800811c                __d2b
 *fill*         0x080081ba        0x2 
 .text._sbrk_r  0x080081bc       0x20 c:/program files (x86)/atollic/truestudio for stm32 9.0.1/armtools/bin/../lib/gcc/arm-atollic-eabi/6.3.1/../../../../arm-atollic-eabi/lib/armv7-m\libc.a(lib_a-sbrkr.o)
                0x080081bc                _sbrk_r
 .text.__ssprint_r
                0x080081dc       0xf4 c:/program files (x86)/atollic/truestudio for stm32 9.0.1/armtools/bin/../lib/gcc/arm-atollic-eabi/6.3.1/../../../../arm-atollic-eabi/lib/armv7-m\libc.a(lib_a-svfiprintf.o)
                0x080081dc                __ssprint_r
 .text._calloc_r
                0x080082d0       0x5a c:/program files (x86)/atollic/truestudio for stm32 9.0.1/armtools/bin/../lib/gcc/arm-atollic-eabi/6.3.1/../../../../arm-atollic-eabi/lib/armv7-m\libc.a(lib_a-callocr.o)
                0x080082d0                _calloc_r
 *fill*         0x0800832a        0x2 
 .text._malloc_trim_r
                0x0800832c       0xac c:/program files (x86)/atollic/truestudio for stm32 9.0.1/armtools/bin/../lib/gcc/arm-atollic-eabi/6.3.1/../../../../arm-atollic-eabi/lib/armv7-m\libc.a(lib_a-freer.o)
                0x0800832c                _malloc_trim_r
 .text._free_r  0x080083d8      0x178 c:/program files (x86)/atollic/truestudio for stm32 9.0.1/armtools/bin/../lib/gcc/arm-atollic-eabi/6.3.1/../../../../arm-atollic-eabi/lib/armv7-m\libc.a(lib_a-freer.o)
                0x080083d8                _free_r
 .text.__retarget_lock_acquire_recursive
                0x08008550        0x2 c:/program files (x86)/atollic/truestudio for stm32 9.0.1/armtools/bin/../lib/gcc/arm-atollic-eabi/6.3.1/../../../../arm-atollic-eabi/lib/armv7-m\libc.a(lib_a-lock.o)
                0x08008550                __retarget_lock_acquire_recursive
 .text.__retarget_lock_release_recursive
                0x08008552        0x2 c:/program files (x86)/atollic/truestudio for stm32 9.0.1/armtools/bin/../lib/gcc/arm-atollic-eabi/6.3.1/../../../../arm-atollic-eabi/lib/armv7-m\libc.a(lib_a-lock.o)
                0x08008552                __retarget_lock_release_recursive
 .text.memmove  0x08008554       0x34 c:/program files (x86)/atollic/truestudio for stm32 9.0.1/armtools/bin/../lib/gcc/arm-atollic-eabi/6.3.1/../../../../arm-atollic-eabi/lib/armv7-m\libc.a(lib_a-memmove.o)
                0x08008554                memmove
 .text._realloc_r
                0x08008588      0x304 c:/program files (x86)/atollic/truestudio for stm32 9.0.1/armtools/bin/../lib/gcc/arm-atollic-eabi/6.3.1/../../../../arm-atollic-eabi/lib/armv7-m\libc.a(lib_a-reallocr.o)
                0x08008588                _realloc_r
 .text.pow      0x0800888c      0x2c8 c:/program files (x86)/atollic/truestudio for stm32 9.0.1/armtools/bin/../lib/gcc/arm-atollic-eabi/6.3.1/../../../../arm-atollic-eabi/lib/armv7-m\libm.a(lib_a-w_pow.o)
                0x0800888c                pow
 *fill*         0x08008b54        0x4 
 .text.__ieee754_pow
                0x08008b58      0x9e4 c:/program files (x86)/atollic/truestudio for stm32 9.0.1/armtools/bin/../lib/gcc/arm-atollic-eabi/6.3.1/../../../../arm-atollic-eabi/lib/armv7-m\libm.a(lib_a-e_pow.o)
                0x08008b58                __ieee754_pow
 .text.__ieee754_sqrt
                0x0800953c      0x158 c:/program files (x86)/atollic/truestudio for stm32 9.0.1/armtools/bin/../lib/gcc/arm-atollic-eabi/6.3.1/../../../../arm-atollic-eabi/lib/armv7-m\libm.a(lib_a-e_sqrt.o)
                0x0800953c                __ieee754_sqrt
 .text.fabs     0x08009694        0x6 c:/program files (x86)/atollic/truestudio for stm32 9.0.1/armtools/bin/../lib/gcc/arm-atollic-eabi/6.3.1/../../../../arm-atollic-eabi/lib/armv7-m\libm.a(lib_a-s_fabs.o)
                0x08009694                fabs
 .text.finite   0x0800969a        0xc c:/program files (x86)/atollic/truestudio for stm32 9.0.1/armtools/bin/../lib/gcc/arm-atollic-eabi/6.3.1/../../../../arm-atollic-eabi/lib/armv7-m\libm.a(lib_a-s_finite.o)
                0x0800969a                finite
 .text.matherr  0x080096a6        0x4 c:/program files (x86)/atollic/truestudio for stm32 9.0.1/armtools/bin/../lib/gcc/arm-atollic-eabi/6.3.1/../../../../arm-atollic-eabi/lib/armv7-m\libm.a(lib_a-s_matherr.o)
                0x080096a6                matherr
 *fill*         0x080096aa        0x2 
 .text.nan      0x080096ac        0xc c:/program files (x86)/atollic/truestudio for stm32 9.0.1/armtools/bin/../lib/gcc/arm-atollic-eabi/6.3.1/../../../../arm-atollic-eabi/lib/armv7-m\libm.a(lib_a-s_nan.o)
                0x080096ac                nan
 .text.rint     0x080096b8      0x110 c:/program files (x86)/atollic/truestudio for stm32 9.0.1/armtools/bin/../lib/gcc/arm-atollic-eabi/6.3.1/../../../../arm-atollic-eabi/lib/armv7-m\libm.a(lib_a-s_rint.o)
                0x080096b8                rint
 .text.scalbn   0x080097c8       0xdc c:/program files (x86)/atollic/truestudio for stm32 9.0.1/armtools/bin/../lib/gcc/arm-atollic-eabi/6.3.1/../../../../arm-atollic-eabi/lib/armv7-m\libm.a(lib_a-s_scalbn.o)
                0x080097c8                scalbn
 .text.copysign
                0x080098a4        0xe c:/program files (x86)/atollic/truestudio for stm32 9.0.1/armtools/bin/../lib/gcc/arm-atollic-eabi/6.3.1/../../../../arm-atollic-eabi/lib/armv7-m\libm.a(lib_a-s_copysign.o)
                0x080098a4                copysign
 *fill*         0x080098b2        0x2 
 .text.__errno  0x080098b4        0xc c:/program files (x86)/atollic/truestudio for stm32 9.0.1/armtools/bin/../lib/gcc/arm-atollic-eabi/6.3.1/../../../../arm-atollic-eabi/lib/armv7-m\libc.a(lib_a-errno.o)
                0x080098b4                __errno
 .text._sbrk    0x080098c0       0x1c c:/program files (x86)/atollic/truestudio for stm32 9.0.1/armtools/bin/../lib/gcc/arm-atollic-eabi/6.3.1/../../../../arm-atollic-eabi/lib/armv7-m\libnosys.a(sbrk.o)
                0x080098c0                _sbrk
 *(.glue_7)
 .glue_7        0x080098dc        0x0 linker stubs
 *(.glue_7t)
 .glue_7t       0x080098dc        0x0 linker stubs
 *(.eh_frame)
 .eh_frame      0x080098dc        0x0 c:/program files (x86)/atollic/truestudio for stm32 9.0.1/armtools/bin/../lib/gcc/arm-atollic-eabi/6.3.1/armv7-m/crtbegin.o
 *(.init)
 .init          0x080098dc        0x4 c:/program files (x86)/atollic/truestudio for stm32 9.0.1/armtools/bin/../lib/gcc/arm-atollic-eabi/6.3.1/armv7-m/crti.o
                0x080098dc                _init
 .init          0x080098e0        0x8 c:/program files (x86)/atollic/truestudio for stm32 9.0.1/armtools/bin/../lib/gcc/arm-atollic-eabi/6.3.1/armv7-m/crtn.o
 *(.fini)
 .fini          0x080098e8        0x4 c:/program files (x86)/atollic/truestudio for stm32 9.0.1/armtools/bin/../lib/gcc/arm-atollic-eabi/6.3.1/armv7-m/crti.o
                0x080098e8                _fini
 .fini          0x080098ec        0x8 c:/program files (x86)/atollic/truestudio for stm32 9.0.1/armtools/bin/../lib/gcc/arm-atollic-eabi/6.3.1/armv7-m/crtn.o
                0x080098f4                . = ALIGN (0x4)
                0x080098f4                _etext = .

.vfp11_veneer   0x080098f4        0x0
 .vfp11_veneer  0x080098f4        0x0 linker stubs

.v4_bx          0x080098f4        0x0
 .v4_bx         0x080098f4        0x0 linker stubs

.iplt           0x080098f4        0x0
 .iplt          0x080098f4        0x0 c:/program files (x86)/atollic/truestudio for stm32 9.0.1/armtools/bin/../lib/gcc/arm-atollic-eabi/6.3.1/armv7-m/crtbegin.o

.rodata         0x080098f8     0x3870
                0x080098f8                . = ALIGN (0x4)
 *(.rodata)
 .rodata        0x080098f8     0x10a8 Libraries\Utilities\network.o
 .rodata        0x0800a9a0       0x50 Libraries\Utilities\screen.o
 *(.rodata*)
 .rodata.daysInMonth.13200
                0x0800a9f0        0xc Libraries\Utilities\screen.o
 .rodata.u8g2_font_helvR10_tf
                0x0800a9fc      0xb2c Libraries\u8g2\u8g2_fonts.o
                0x0800a9fc                u8g2_font_helvR10_tf
 .rodata.u8g2_font_bubble_tr
                0x0800b528      0xc60 Libraries\u8g2\u8g2_fonts.o
                0x0800b528                u8g2_font_bubble_tr
 .rodata.u8g2_font_fub11_tf
                0x0800c188      0xcb6 Libraries\u8g2\u8g2_fonts.o
                0x0800c188                u8g2_font_fub11_tf
 *fill*         0x0800ce3e        0x2 
 .rodata.u8g2_cb_r0
                0x0800ce40        0x8 Libraries\u8g2\u8g2_setup.o
                0x0800ce40                u8g2_cb_r0
 .rodata.u8x8_d_ssd1306_128x64_noname_init_seq
                0x0800ce48       0x35 Libraries\u8g2\u8x8_d_ssd1306_128x64_noname.o
 *fill*         0x0800ce7d        0x3 
 .rodata.u8x8_d_ssd1306_128x64_noname_powersave0_seq
                0x0800ce80        0x5 Libraries\u8g2\u8x8_d_ssd1306_128x64_noname.o
 *fill*         0x0800ce85        0x3 
 .rodata.u8x8_d_ssd1306_128x64_noname_powersave1_seq
                0x0800ce88        0x5 Libraries\u8g2\u8x8_d_ssd1306_128x64_noname.o
 *fill*         0x0800ce8d        0x3 
 .rodata.u8x8_d_ssd1306_128x64_noname_flip0_seq
                0x0800ce90        0x7 Libraries\u8g2\u8x8_d_ssd1306_128x64_noname.o
 *fill*         0x0800ce97        0x1 
 .rodata.u8x8_d_ssd1306_128x64_noname_flip1_seq
                0x0800ce98        0x7 Libraries\u8g2\u8x8_d_ssd1306_128x64_noname.o
 *fill*         0x0800ce9f        0x1 
 .rodata.u8x8_ssd1306_128x64_noname_display_info
                0x0800cea0       0x18 Libraries\u8g2\u8x8_d_ssd1306_128x64_noname.o
 .rodata._setlocale_r.str1.1
                0x0800ceb8        0x8 c:/program files (x86)/atollic/truestudio for stm32 9.0.1/armtools/bin/../lib/gcc/arm-atollic-eabi/6.3.1/../../../../arm-atollic-eabi/lib/armv7-m\libc.a(lib_a-locale.o)
                                  0x9 (size before relaxing)
 .rodata.str1.1
                0x0800cec0        0x2 c:/program files (x86)/atollic/truestudio for stm32 9.0.1/armtools/bin/../lib/gcc/arm-atollic-eabi/6.3.1/../../../../arm-atollic-eabi/lib/armv7-m\libc.a(lib_a-locale.o)
 .rodata._svfprintf_r.str1.1
                0x0800cec2       0x34 c:/program files (x86)/atollic/truestudio for stm32 9.0.1/armtools/bin/../lib/gcc/arm-atollic-eabi/6.3.1/../../../../arm-atollic-eabi/lib/armv7-m\libc.a(lib_a-svfprintf.o)
 .rodata.blanks.7236
                0x0800cef6       0x10 c:/program files (x86)/atollic/truestudio for stm32 9.0.1/armtools/bin/../lib/gcc/arm-atollic-eabi/6.3.1/../../../../arm-atollic-eabi/lib/armv7-m\libc.a(lib_a-svfprintf.o)
 .rodata.zeroes.7237
                0x0800cf06       0x10 c:/program files (x86)/atollic/truestudio for stm32 9.0.1/armtools/bin/../lib/gcc/arm-atollic-eabi/6.3.1/../../../../arm-atollic-eabi/lib/armv7-m\libc.a(lib_a-svfprintf.o)
 .rodata._ctype_
                0x0800cf16      0x101 c:/program files (x86)/atollic/truestudio for stm32 9.0.1/armtools/bin/../lib/gcc/arm-atollic-eabi/6.3.1/../../../../arm-atollic-eabi/lib/armv7-m\libc.a(lib_a-ctype_.o)
                0x0800cf16                _ctype_
 .rodata._dtoa_r.str1.1
                0x0800d017        0xd c:/program files (x86)/atollic/truestudio for stm32 9.0.1/armtools/bin/../lib/gcc/arm-atollic-eabi/6.3.1/../../../../arm-atollic-eabi/lib/armv7-m\libc.a(lib_a-dtoa.o)
                                  0xf (size before relaxing)
 *fill*         0x0800d024        0x4 
 .rodata.__mprec_bigtens
                0x0800d028       0x28 c:/program files (x86)/atollic/truestudio for stm32 9.0.1/armtools/bin/../lib/gcc/arm-atollic-eabi/6.3.1/../../../../arm-atollic-eabi/lib/armv7-m\libc.a(lib_a-mprec.o)
                0x0800d028                __mprec_bigtens
 .rodata.__mprec_tens
                0x0800d050       0xc8 c:/program files (x86)/atollic/truestudio for stm32 9.0.1/armtools/bin/../lib/gcc/arm-atollic-eabi/6.3.1/../../../../arm-atollic-eabi/lib/armv7-m\libc.a(lib_a-mprec.o)
                0x0800d050                __mprec_tens
 .rodata.p05.6073
                0x0800d118        0xc c:/program files (x86)/atollic/truestudio for stm32 9.0.1/armtools/bin/../lib/gcc/arm-atollic-eabi/6.3.1/../../../../arm-atollic-eabi/lib/armv7-m\libc.a(lib_a-mprec.o)
 .rodata.pow.str1.1
                0x0800d124        0x4 c:/program files (x86)/atollic/truestudio for stm32 9.0.1/armtools/bin/../lib/gcc/arm-atollic-eabi/6.3.1/../../../../arm-atollic-eabi/lib/armv7-m\libm.a(lib_a-w_pow.o)
 .rodata.__ieee754_pow.str1.1
                0x0800d128        0x1 c:/program files (x86)/atollic/truestudio for stm32 9.0.1/armtools/bin/../lib/gcc/arm-atollic-eabi/6.3.1/../../../../arm-atollic-eabi/lib/armv7-m\libm.a(lib_a-e_pow.o)
 .rodata.bp     0x0800d128       0x10 c:/program files (x86)/atollic/truestudio for stm32 9.0.1/armtools/bin/../lib/gcc/arm-atollic-eabi/6.3.1/../../../../arm-atollic-eabi/lib/armv7-m\libm.a(lib_a-e_pow.o)
 .rodata.dp_h   0x0800d138       0x10 c:/program files (x86)/atollic/truestudio for stm32 9.0.1/armtools/bin/../lib/gcc/arm-atollic-eabi/6.3.1/../../../../arm-atollic-eabi/lib/armv7-m\libm.a(lib_a-e_pow.o)
 .rodata.dp_l   0x0800d148       0x10 c:/program files (x86)/atollic/truestudio for stm32 9.0.1/armtools/bin/../lib/gcc/arm-atollic-eabi/6.3.1/../../../../arm-atollic-eabi/lib/armv7-m\libm.a(lib_a-e_pow.o)
 .rodata.TWO52  0x0800d158       0x10 c:/program files (x86)/atollic/truestudio for stm32 9.0.1/armtools/bin/../lib/gcc/arm-atollic-eabi/6.3.1/../../../../arm-atollic-eabi/lib/armv7-m\libm.a(lib_a-s_rint.o)
                0x0800d168                . = ALIGN (0x4)

.ARM.extab
 *(.ARM.extab* .gnu.linkonce.armextab.*)

.ARM            0x0800d168        0x8
                0x0800d168                __exidx_start = .
 *(.ARM.exidx*)
 .ARM.exidx     0x0800d168        0x8 c:/program files (x86)/atollic/truestudio for stm32 9.0.1/armtools/bin/../lib/gcc/arm-atollic-eabi/6.3.1/armv7-m\libgcc.a(_udivmoddi4.o)
                0x0800d170                __exidx_end = .

.rel.dyn        0x0800d170        0x0
 .rel.iplt      0x0800d170        0x0 c:/program files (x86)/atollic/truestudio for stm32 9.0.1/armtools/bin/../lib/gcc/arm-atollic-eabi/6.3.1/armv7-m/crtbegin.o

.preinit_array  0x0800d170        0x0
                0x0800d170                PROVIDE (__preinit_array_start, .)
 *(.preinit_array*)
                0x0800d170                PROVIDE (__preinit_array_end, .)

.init_array     0x0800d170        0x4
                0x0800d170                PROVIDE (__init_array_start, .)
 *(SORT(.init_array.*))
 *(.init_array*)
 .init_array    0x0800d170        0x4 c:/program files (x86)/atollic/truestudio for stm32 9.0.1/armtools/bin/../lib/gcc/arm-atollic-eabi/6.3.1/armv7-m/crtbegin.o
                0x0800d174                PROVIDE (__init_array_end, .)

.fini_array     0x0800d174        0x4
                [!provide]                PROVIDE (__fini_array_start, .)
 *(SORT(.fini_array.*))
 *(.fini_array*)
 .fini_array    0x0800d174        0x4 c:/program files (x86)/atollic/truestudio for stm32 9.0.1/armtools/bin/../lib/gcc/arm-atollic-eabi/6.3.1/armv7-m/crtbegin.o
                [!provide]                PROVIDE (__fini_array_end, .)
                0x0800d178                _sidata = LOADADDR (.data)

.data           0x20000000      0x69c load address 0x0800d178
                0x20000000                . = ALIGN (0x4)
                0x20000000                _sdata = .
 *(.data)
 *(.data*)
 .data.APBAHBPrescTable
                0x20000000       0x10 Libraries\STM32F10x_StdPeriph_Driver\src\stm32f10x_rcc.o
 .data.ADCPrescTable
                0x20000010        0x4 Libraries\STM32F10x_StdPeriph_Driver\src\stm32f10x_rcc.o
 .data.updateclock
                0x20000014        0x4 Libraries\Utilities\network.o
                0x20000014                updateclock
 .data.clock_year
                0x20000018        0x4 Libraries\Utilities\screen.o
                0x20000018                clock_year
 .data.clock_month
                0x2000001c        0x4 Libraries\Utilities\screen.o
                0x2000001c                clock_month
 .data.clock_day
                0x20000020        0x4 Libraries\Utilities\screen.o
                0x20000020                clock_day
 .data.clocktick
                0x20000024        0x1 Libraries\Utilities\screen.o
                0x20000024                clocktick
 *fill*         0x20000025        0x3 
 .data.__global_locale
                0x20000028      0x16c c:/program files (x86)/atollic/truestudio for stm32 9.0.1/armtools/bin/../lib/gcc/arm-atollic-eabi/6.3.1/../../../../arm-atollic-eabi/lib/armv7-m\libc.a(lib_a-locale.o)
                0x20000028                __global_locale
 .data._impure_ptr
                0x20000194        0x4 c:/program files (x86)/atollic/truestudio for stm32 9.0.1/armtools/bin/../lib/gcc/arm-atollic-eabi/6.3.1/../../../../arm-atollic-eabi/lib/armv7-m\libc.a(lib_a-impure.o)
                0x20000194                _impure_ptr
 .data.impure_data
                0x20000198       0xf0 c:/program files (x86)/atollic/truestudio for stm32 9.0.1/armtools/bin/../lib/gcc/arm-atollic-eabi/6.3.1/../../../../arm-atollic-eabi/lib/armv7-m\libc.a(lib_a-impure.o)
 .data.__malloc_av_
                0x20000288      0x408 c:/program files (x86)/atollic/truestudio for stm32 9.0.1/armtools/bin/../lib/gcc/arm-atollic-eabi/6.3.1/../../../../arm-atollic-eabi/lib/armv7-m\libc.a(lib_a-mallocr.o)
                0x20000288                __malloc_av_
 .data.__malloc_sbrk_base
                0x20000690        0x4 c:/program files (x86)/atollic/truestudio for stm32 9.0.1/armtools/bin/../lib/gcc/arm-atollic-eabi/6.3.1/../../../../arm-atollic-eabi/lib/armv7-m\libc.a(lib_a-mallocr.o)
                0x20000690                __malloc_sbrk_base
 .data.__malloc_trim_threshold
                0x20000694        0x4 c:/program files (x86)/atollic/truestudio for stm32 9.0.1/armtools/bin/../lib/gcc/arm-atollic-eabi/6.3.1/../../../../arm-atollic-eabi/lib/armv7-m\libc.a(lib_a-mallocr.o)
                0x20000694                __malloc_trim_threshold
 .data.__fdlib_version
                0x20000698        0x1 c:/program files (x86)/atollic/truestudio for stm32 9.0.1/armtools/bin/../lib/gcc/arm-atollic-eabi/6.3.1/../../../../arm-atollic-eabi/lib/armv7-m\libm.a(lib_a-s_lib_ver.o)
                0x20000698                __fdlib_version
                0x2000069c                . = ALIGN (0x4)
 *fill*         0x20000699        0x3 
                0x2000069c                _edata = .

.igot.plt       0x2000069c        0x0 load address 0x0800d814
 .igot.plt      0x2000069c        0x0 c:/program files (x86)/atollic/truestudio for stm32 9.0.1/armtools/bin/../lib/gcc/arm-atollic-eabi/6.3.1/armv7-m/crtbegin.o
                0x2000069c                . = ALIGN (0x4)

.bss            0x200006a0     0x1630 load address 0x0800d814
                0x200006a0                _sbss = .
                0x200006a0                __bss_start__ = _sbss
 *(.bss)
 .bss           0x200006a0       0x1c c:/program files (x86)/atollic/truestudio for stm32 9.0.1/armtools/bin/../lib/gcc/arm-atollic-eabi/6.3.1/armv7-m/crtbegin.o
 *(.bss*)
 .bss.localip   0x200006bc        0x4 Libraries\Utilities\network.o
                0x200006bc                localip
 .bss.publicip  0x200006c0        0x4 Libraries\Utilities\network.o
                0x200006c0                publicip
 .bss.networkcheck
                0x200006c4        0x4 Libraries\Utilities\network.o
                0x200006c4                networkcheck
 .bss.clockepoch
                0x200006c8        0x4 Libraries\Utilities\screen.o
                0x200006c8                clockepoch
 .bss.clock_hours
                0x200006cc        0x4 Libraries\Utilities\screen.o
                0x200006cc                clock_hours
 .bss.clock_minutes
                0x200006d0        0x4 Libraries\Utilities\screen.o
                0x200006d0                clock_minutes
 .bss.clock_seconds
                0x200006d4        0x4 Libraries\Utilities\screen.o
                0x200006d4                clock_seconds
 .bss.switchscreen
                0x200006d8        0x4 Libraries\Utilities\screen.o
                0x200006d8                switchscreen
 .bss.currentscreen
                0x200006dc        0x4 Libraries\Utilities\screen.o
                0x200006dc                currentscreen
 .bss.currentmessage
                0x200006e0        0x4 Libraries\Utilities\screen.o
                0x200006e0                currentmessage
 .bss.buf.9500  0x200006e4      0x400 Libraries\u8g2\u8g2_d_memory.o
 *fill*         0x20000ae4        0x4 
 .bss.ticks     0x20000ae8        0x8 src\stm32f1xx_it.o
                0x20000ae8                ticks
 .bss.db_time   0x20000af0        0x4 src\stm32f1xx_it.o
                0x20000af0                db_time
 .bss.clockrefreshcounter
                0x20000af4        0x4 src\stm32f1xx_it.o
                0x20000af4                clockrefreshcounter
 .bss.__malloc_current_mallinfo
                0x20000af8       0x28 c:/program files (x86)/atollic/truestudio for stm32 9.0.1/armtools/bin/../lib/gcc/arm-atollic-eabi/6.3.1/../../../../arm-atollic-eabi/lib/armv7-m\libc.a(lib_a-mallocr.o)
                0x20000af8                __malloc_current_mallinfo
 .bss.__malloc_max_sbrked_mem
                0x20000b20        0x4 c:/program files (x86)/atollic/truestudio for stm32 9.0.1/armtools/bin/../lib/gcc/arm-atollic-eabi/6.3.1/../../../../arm-atollic-eabi/lib/armv7-m\libc.a(lib_a-mallocr.o)
                0x20000b20                __malloc_max_sbrked_mem
 .bss.__malloc_max_total_mem
                0x20000b24        0x4 c:/program files (x86)/atollic/truestudio for stm32 9.0.1/armtools/bin/../lib/gcc/arm-atollic-eabi/6.3.1/../../../../arm-atollic-eabi/lib/armv7-m\libc.a(lib_a-mallocr.o)
                0x20000b24                __malloc_max_total_mem
 .bss.__malloc_top_pad
                0x20000b28        0x4 c:/program files (x86)/atollic/truestudio for stm32 9.0.1/armtools/bin/../lib/gcc/arm-atollic-eabi/6.3.1/../../../../arm-atollic-eabi/lib/armv7-m\libc.a(lib_a-mallocr.o)
                0x20000b28                __malloc_top_pad
 .bss.heap_end.4116
                0x20000b2c        0x4 c:/program files (x86)/atollic/truestudio for stm32 9.0.1/armtools/bin/../lib/gcc/arm-atollic-eabi/6.3.1/../../../../arm-atollic-eabi/lib/armv7-m\libnosys.a(sbrk.o)
 *(COMMON)
 COMMON         0x20000b30      0x184 Libraries\Utilities\screen.o
                0x20000b30                messages
                0x20000c34                u8g2
 COMMON         0x20000cb4     0x100e Libraries\Utilities\usart.o
                0x20000cb4                U1Rx
                0x200014bc                U1Tx
 COMMON         0x20001cc2        0x9 c:/program files (x86)/atollic/truestudio for stm32 9.0.1/armtools/bin/../lib/gcc/arm-atollic-eabi/6.3.1/../../../../arm-atollic-eabi/lib/armv7-m\libc.a(lib_a-lock.o)
                0x20001cc2                __lock___atexit_recursive_mutex
                0x20001cc3                __lock___arc4random_mutex
                0x20001cc4                __lock___env_recursive_mutex
                0x20001cc5                __lock___sinit_recursive_mutex
                0x20001cc6                __lock___malloc_recursive_mutex
                0x20001cc7                __lock___at_quick_exit_mutex
                0x20001cc8                __lock___dd_hash_mutex
                0x20001cc9                __lock___tz_mutex
                0x20001cca                __lock___sfp_recursive_mutex
 *fill*         0x20001ccb        0x1 
 COMMON         0x20001ccc        0x4 c:/program files (x86)/atollic/truestudio for stm32 9.0.1/armtools/bin/../lib/gcc/arm-atollic-eabi/6.3.1/../../../../arm-atollic-eabi/lib/armv7-m\libc.a(lib_a-reent.o)
                0x20001ccc                errno
                0x20001cd0                . = ALIGN (0x4)
                0x20001cd0                _ebss = .
                0x20001cd0                __bss_end__ = _ebss

._user_heap_stack
                0x20001cd0      0x100 load address 0x0800d814
                0x20001cd0                . = ALIGN (0x4)
                0x20001cd0                PROVIDE (end, .)
                [!provide]                PROVIDE (_end, .)
                0x20001cd0                . = (. + _Min_Heap_Size)
                0x20001dd0                . = (. + _Min_Stack_Size)
 *fill*         0x20001cd0      0x100 
                0x20001dd0                . = ALIGN (0x4)

.memory_b1_text
 *(.mb1text)
 *(.mb1text*)
 *(.mb1rodata)
 *(.mb1rodata*)

/DISCARD/
 libc.a(*)
 libm.a(*)
 libgcc.a(*)

.ARM.attributes
                0x00000000       0x29
 *(.ARM.attributes)
 .ARM.attributes
                0x00000000       0x1d c:/program files (x86)/atollic/truestudio for stm32 9.0.1/armtools/bin/../lib/gcc/arm-atollic-eabi/6.3.1/armv7-m/crti.o
 .ARM.attributes
                0x0000001d       0x2d c:/program files (x86)/atollic/truestudio for stm32 9.0.1/armtools/bin/../lib/gcc/arm-atollic-eabi/6.3.1/armv7-m/crtbegin.o
 .ARM.attributes
                0x0000004a       0x33 Libraries\STM32F10x_StdPeriph_Driver\src\misc.o
 .ARM.attributes
                0x0000007d       0x33 Libraries\STM32F10x_StdPeriph_Driver\src\stm32f10x_exti.o
 .ARM.attributes
                0x000000b0       0x33 Libraries\STM32F10x_StdPeriph_Driver\src\stm32f10x_gpio.o
 .ARM.attributes
                0x000000e3       0x33 Libraries\STM32F10x_StdPeriph_Driver\src\stm32f10x_rcc.o
 .ARM.attributes
                0x00000116       0x33 Libraries\STM32F10x_StdPeriph_Driver\src\stm32f10x_tim.o
 .ARM.attributes
                0x00000149       0x33 Libraries\STM32F10x_StdPeriph_Driver\src\stm32f10x_usart.o
 .ARM.attributes
                0x0000017c       0x33 Libraries\Utilities\buffer.o
 .ARM.attributes
                0x000001af       0x33 Libraries\Utilities\button.o
 .ARM.attributes
                0x000001e2       0x33 Libraries\Utilities\network.o
 .ARM.attributes
                0x00000215       0x33 Libraries\Utilities\screen.o
 .ARM.attributes
                0x00000248       0x33 Libraries\Utilities\timer.o
 .ARM.attributes
                0x0000027b       0x33 Libraries\Utilities\usart.o
 .ARM.attributes
                0x000002ae       0x33 Libraries\u8g2\u8g2_buffer.o
 .ARM.attributes
                0x000002e1       0x33 Libraries\u8g2\u8g2_d_memory.o
 .ARM.attributes
                0x00000314       0x33 Libraries\u8g2\u8g2_d_setup.o
 .ARM.attributes
                0x00000347       0x33 Libraries\u8g2\u8g2_font.o
 .ARM.attributes
                0x0000037a       0x33 Libraries\u8g2\u8g2_fonts.o
 .ARM.attributes
                0x000003ad       0x33 Libraries\u8g2\u8g2_hvline.o
 .ARM.attributes
                0x000003e0       0x33 Libraries\u8g2\u8g2_intersection.o
 .ARM.attributes
                0x00000413       0x33 Libraries\u8g2\u8g2_line.o
 .ARM.attributes
                0x00000446       0x33 Libraries\u8g2\u8g2_ll_hvline.o
 .ARM.attributes
                0x00000479       0x33 Libraries\u8g2\u8g2_setup.o
 .ARM.attributes
                0x000004ac       0x33 Libraries\u8g2\u8x8_8x8.o
 .ARM.attributes
                0x000004df       0x33 Libraries\u8g2\u8x8_byte.o
 .ARM.attributes
                0x00000512       0x33 Libraries\u8g2\u8x8_cad.o
 .ARM.attributes
                0x00000545       0x33 Libraries\u8g2\u8x8_d_ssd1306_128x64_noname.o
 .ARM.attributes
                0x00000578       0x33 Libraries\u8g2\u8x8_display.o
 .ARM.attributes
                0x000005ab       0x33 Libraries\u8g2\u8x8_gpio.o
 .ARM.attributes
                0x000005de       0x33 Libraries\u8g2\u8x8_setup.o
 .ARM.attributes
                0x00000611       0x33 src\main.o
 .ARM.attributes
                0x00000644       0x21 src\startup_stm32f10x_md.o
 .ARM.attributes
                0x00000665       0x33 src\stm32f1xx_it.o
 .ARM.attributes
                0x00000698       0x33 src\system_stm32f10x.o
 .ARM.attributes
                0x000006cb       0x2d c:/program files (x86)/atollic/truestudio for stm32 9.0.1/armtools/bin/../lib/gcc/arm-atollic-eabi/6.3.1/../../../../arm-atollic-eabi/lib/armv7-m\libc.a(lib_a-init.o)
 .ARM.attributes
                0x000006f8       0x2d c:/program files (x86)/atollic/truestudio for stm32 9.0.1/armtools/bin/../lib/gcc/arm-atollic-eabi/6.3.1/../../../../arm-atollic-eabi/lib/armv7-m\libc.a(lib_a-locale.o)
 .ARM.attributes
                0x00000725       0x2d c:/program files (x86)/atollic/truestudio for stm32 9.0.1/armtools/bin/../lib/gcc/arm-atollic-eabi/6.3.1/../../../../arm-atollic-eabi/lib/armv7-m\libc.a(lib_a-mbtowc_r.o)
 .ARM.attributes
                0x00000752       0x2d c:/program files (x86)/atollic/truestudio for stm32 9.0.1/armtools/bin/../lib/gcc/arm-atollic-eabi/6.3.1/../../../../arm-atollic-eabi/lib/armv7-m\libc.a(lib_a-memcpy-stub.o)
 .ARM.attributes
                0x0000077f       0x2d c:/program files (x86)/atollic/truestudio for stm32 9.0.1/armtools/bin/../lib/gcc/arm-atollic-eabi/6.3.1/../../../../arm-atollic-eabi/lib/armv7-m\libc.a(lib_a-memset.o)
 .ARM.attributes
                0x000007ac       0x2d c:/program files (x86)/atollic/truestudio for stm32 9.0.1/armtools/bin/../lib/gcc/arm-atollic-eabi/6.3.1/../../../../arm-atollic-eabi/lib/armv7-m\libc.a(lib_a-sprintf.o)
 .ARM.attributes
                0x000007d9       0x17 c:/program files (x86)/atollic/truestudio for stm32 9.0.1/armtools/bin/../lib/gcc/arm-atollic-eabi/6.3.1/../../../../arm-atollic-eabi/lib/armv7-m\libc.a(lib_a-strlen.o)
 .ARM.attributes
                0x000007f0       0x2d c:/program files (x86)/atollic/truestudio for stm32 9.0.1/armtools/bin/../lib/gcc/arm-atollic-eabi/6.3.1/../../../../arm-atollic-eabi/lib/armv7-m\libc.a(lib_a-strncmp.o)
 .ARM.attributes
                0x0000081d       0x2d c:/program files (x86)/atollic/truestudio for stm32 9.0.1/armtools/bin/../lib/gcc/arm-atollic-eabi/6.3.1/../../../../arm-atollic-eabi/lib/armv7-m\libc.a(lib_a-svfprintf.o)
 .ARM.attributes
                0x0000084a       0x2d c:/program files (x86)/atollic/truestudio for stm32 9.0.1/armtools/bin/../lib/gcc/arm-atollic-eabi/6.3.1/../../../../arm-atollic-eabi/lib/armv7-m\libc.a(lib_a-wctomb_r.o)
 .ARM.attributes
                0x00000877       0x2d c:/program files (x86)/atollic/truestudio for stm32 9.0.1/armtools/bin/../lib/gcc/arm-atollic-eabi/6.3.1/../../../../arm-atollic-eabi/lib/armv7-m\libc.a(lib_a-ctype_.o)
 .ARM.attributes
                0x000008a4       0x2d c:/program files (x86)/atollic/truestudio for stm32 9.0.1/armtools/bin/../lib/gcc/arm-atollic-eabi/6.3.1/../../../../arm-atollic-eabi/lib/armv7-m\libc.a(lib_a-dtoa.o)
 .ARM.attributes
                0x000008d1       0x2d c:/program files (x86)/atollic/truestudio for stm32 9.0.1/armtools/bin/../lib/gcc/arm-atollic-eabi/6.3.1/../../../../arm-atollic-eabi/lib/armv7-m\libc.a(lib_a-impure.o)
 .ARM.attributes
                0x000008fe       0x2d c:/program files (x86)/atollic/truestudio for stm32 9.0.1/armtools/bin/../lib/gcc/arm-atollic-eabi/6.3.1/../../../../arm-atollic-eabi/lib/armv7-m\libc.a(lib_a-localeconv.o)
 .ARM.attributes
                0x0000092b       0x2d c:/program files (x86)/atollic/truestudio for stm32 9.0.1/armtools/bin/../lib/gcc/arm-atollic-eabi/6.3.1/../../../../arm-atollic-eabi/lib/armv7-m\libc.a(lib_a-malloc.o)
 .ARM.attributes
                0x00000958       0x2d c:/program files (x86)/atollic/truestudio for stm32 9.0.1/armtools/bin/../lib/gcc/arm-atollic-eabi/6.3.1/../../../../arm-atollic-eabi/lib/armv7-m\libc.a(lib_a-mallocr.o)
 .ARM.attributes
                0x00000985       0x2d c:/program files (x86)/atollic/truestudio for stm32 9.0.1/armtools/bin/../lib/gcc/arm-atollic-eabi/6.3.1/../../../../arm-atollic-eabi/lib/armv7-m\libc.a(lib_a-memchr-stub.o)
 .ARM.attributes
                0x000009b2       0x2d c:/program files (x86)/atollic/truestudio for stm32 9.0.1/armtools/bin/../lib/gcc/arm-atollic-eabi/6.3.1/../../../../arm-atollic-eabi/lib/armv7-m\libc.a(lib_a-mlock.o)
 .ARM.attributes
                0x000009df       0x2d c:/program files (x86)/atollic/truestudio for stm32 9.0.1/armtools/bin/../lib/gcc/arm-atollic-eabi/6.3.1/../../../../arm-atollic-eabi/lib/armv7-m\libc.a(lib_a-mprec.o)
 .ARM.attributes
                0x00000a0c       0x2d c:/program files (x86)/atollic/truestudio for stm32 9.0.1/armtools/bin/../lib/gcc/arm-atollic-eabi/6.3.1/../../../../arm-atollic-eabi/lib/armv7-m\libc.a(lib_a-sbrkr.o)
 .ARM.attributes
                0x00000a39       0x2d c:/program files (x86)/atollic/truestudio for stm32 9.0.1/armtools/bin/../lib/gcc/arm-atollic-eabi/6.3.1/../../../../arm-atollic-eabi/lib/armv7-m\libc.a(lib_a-svfiprintf.o)
 .ARM.attributes
                0x00000a66       0x2d c:/program files (x86)/atollic/truestudio for stm32 9.0.1/armtools/bin/../lib/gcc/arm-atollic-eabi/6.3.1/../../../../arm-atollic-eabi/lib/armv7-m\libc.a(lib_a-callocr.o)
 .ARM.attributes
                0x00000a93       0x2d c:/program files (x86)/atollic/truestudio for stm32 9.0.1/armtools/bin/../lib/gcc/arm-atollic-eabi/6.3.1/../../../../arm-atollic-eabi/lib/armv7-m\libc.a(lib_a-freer.o)
 .ARM.attributes
                0x00000ac0       0x2d c:/program files (x86)/atollic/truestudio for stm32 9.0.1/armtools/bin/../lib/gcc/arm-atollic-eabi/6.3.1/../../../../arm-atollic-eabi/lib/armv7-m\libc.a(lib_a-lock.o)
 .ARM.attributes
                0x00000aed       0x2d c:/program files (x86)/atollic/truestudio for stm32 9.0.1/armtools/bin/../lib/gcc/arm-atollic-eabi/6.3.1/../../../../arm-atollic-eabi/lib/armv7-m\libc.a(lib_a-memmove.o)
 .ARM.attributes
                0x00000b1a       0x2d c:/program files (x86)/atollic/truestudio for stm32 9.0.1/armtools/bin/../lib/gcc/arm-atollic-eabi/6.3.1/../../../../arm-atollic-eabi/lib/armv7-m\libc.a(lib_a-reallocr.o)
 .ARM.attributes
                0x00000b47       0x2d c:/program files (x86)/atollic/truestudio for stm32 9.0.1/armtools/bin/../lib/gcc/arm-atollic-eabi/6.3.1/../../../../arm-atollic-eabi/lib/armv7-m\libc.a(lib_a-reent.o)
 .ARM.attributes
                0x00000b74       0x2d c:/program files (x86)/atollic/truestudio for stm32 9.0.1/armtools/bin/../lib/gcc/arm-atollic-eabi/6.3.1/../../../../arm-atollic-eabi/lib/armv7-m\libm.a(lib_a-w_pow.o)
 .ARM.attributes
                0x00000ba1       0x2d c:/program files (x86)/atollic/truestudio for stm32 9.0.1/armtools/bin/../lib/gcc/arm-atollic-eabi/6.3.1/../../../../arm-atollic-eabi/lib/armv7-m\libm.a(lib_a-e_pow.o)
 .ARM.attributes
                0x00000bce       0x2d c:/program files (x86)/atollic/truestudio for stm32 9.0.1/armtools/bin/../lib/gcc/arm-atollic-eabi/6.3.1/../../../../arm-atollic-eabi/lib/armv7-m\libm.a(lib_a-e_sqrt.o)
 .ARM.attributes
                0x00000bfb       0x2d c:/program files (x86)/atollic/truestudio for stm32 9.0.1/armtools/bin/../lib/gcc/arm-atollic-eabi/6.3.1/../../../../arm-atollic-eabi/lib/armv7-m\libm.a(lib_a-s_fabs.o)
 .ARM.attributes
                0x00000c28       0x2d c:/program files (x86)/atollic/truestudio for stm32 9.0.1/armtools/bin/../lib/gcc/arm-atollic-eabi/6.3.1/../../../../arm-atollic-eabi/lib/armv7-m\libm.a(lib_a-s_finite.o)
 .ARM.attributes
                0x00000c55       0x2d c:/program files (x86)/atollic/truestudio for stm32 9.0.1/armtools/bin/../lib/gcc/arm-atollic-eabi/6.3.1/../../../../arm-atollic-eabi/lib/armv7-m\libm.a(lib_a-s_lib_ver.o)
 .ARM.attributes
                0x00000c82       0x2d c:/program files (x86)/atollic/truestudio for stm32 9.0.1/armtools/bin/../lib/gcc/arm-atollic-eabi/6.3.1/../../../../arm-atollic-eabi/lib/armv7-m\libm.a(lib_a-s_matherr.o)
 .ARM.attributes
                0x00000caf       0x2d c:/program files (x86)/atollic/truestudio for stm32 9.0.1/armtools/bin/../lib/gcc/arm-atollic-eabi/6.3.1/../../../../arm-atollic-eabi/lib/armv7-m\libm.a(lib_a-s_nan.o)
 .ARM.attributes
                0x00000cdc       0x2d c:/program files (x86)/atollic/truestudio for stm32 9.0.1/armtools/bin/../lib/gcc/arm-atollic-eabi/6.3.1/../../../../arm-atollic-eabi/lib/armv7-m\libm.a(lib_a-s_rint.o)
 .ARM.attributes
                0x00000d09       0x2d c:/program files (x86)/atollic/truestudio for stm32 9.0.1/armtools/bin/../lib/gcc/arm-atollic-eabi/6.3.1/../../../../arm-atollic-eabi/lib/armv7-m\libm.a(lib_a-s_scalbn.o)
 .ARM.attributes
                0x00000d36       0x2d c:/program files (x86)/atollic/truestudio for stm32 9.0.1/armtools/bin/../lib/gcc/arm-atollic-eabi/6.3.1/../../../../arm-atollic-eabi/lib/armv7-m\libm.a(lib_a-s_copysign.o)
 .ARM.attributes
                0x00000d63       0x2d c:/program files (x86)/atollic/truestudio for stm32 9.0.1/armtools/bin/../lib/gcc/arm-atollic-eabi/6.3.1/../../../../arm-atollic-eabi/lib/armv7-m\libc.a(lib_a-errno.o)
 .ARM.attributes
                0x00000d90       0x1d c:/program files (x86)/atollic/truestudio for stm32 9.0.1/armtools/bin/../lib/gcc/arm-atollic-eabi/6.3.1/armv7-m\libgcc.a(_arm_addsubdf3.o)
 .ARM.attributes
                0x00000dad       0x1d c:/program files (x86)/atollic/truestudio for stm32 9.0.1/armtools/bin/../lib/gcc/arm-atollic-eabi/6.3.1/armv7-m\libgcc.a(_arm_muldivdf3.o)
 .ARM.attributes
                0x00000dca       0x1d c:/program files (x86)/atollic/truestudio for stm32 9.0.1/armtools/bin/../lib/gcc/arm-atollic-eabi/6.3.1/armv7-m\libgcc.a(_arm_cmpdf2.o)
 .ARM.attributes
                0x00000de7       0x1d c:/program files (x86)/atollic/truestudio for stm32 9.0.1/armtools/bin/../lib/gcc/arm-atollic-eabi/6.3.1/armv7-m\libgcc.a(_arm_unorddf2.o)
 .ARM.attributes
                0x00000e04       0x1d c:/program files (x86)/atollic/truestudio for stm32 9.0.1/armtools/bin/../lib/gcc/arm-atollic-eabi/6.3.1/armv7-m\libgcc.a(_arm_fixdfsi.o)
 .ARM.attributes
                0x00000e21       0x1d c:/program files (x86)/atollic/truestudio for stm32 9.0.1/armtools/bin/../lib/gcc/arm-atollic-eabi/6.3.1/armv7-m\libgcc.a(_arm_fixunsdfsi.o)
 .ARM.attributes
                0x00000e3e       0x1d c:/program files (x86)/atollic/truestudio for stm32 9.0.1/armtools/bin/../lib/gcc/arm-atollic-eabi/6.3.1/armv7-m\libgcc.a(_aeabi_uldivmod.o)
 .ARM.attributes
                0x00000e5b       0x2d c:/program files (x86)/atollic/truestudio for stm32 9.0.1/armtools/bin/../lib/gcc/arm-atollic-eabi/6.3.1/armv7-m\libgcc.a(_udivmoddi4.o)
 .ARM.attributes
                0x00000e88       0x1d c:/program files (x86)/atollic/truestudio for stm32 9.0.1/armtools/bin/../lib/gcc/arm-atollic-eabi/6.3.1/armv7-m\libgcc.a(_dvmd_tls.o)
 .ARM.attributes
                0x00000ea5       0x2d c:/program files (x86)/atollic/truestudio for stm32 9.0.1/armtools/bin/../lib/gcc/arm-atollic-eabi/6.3.1/../../../../arm-atollic-eabi/lib/armv7-m\libnosys.a(sbrk.o)
 .ARM.attributes
                0x00000ed2       0x1d c:/program files (x86)/atollic/truestudio for stm32 9.0.1/armtools/bin/../lib/gcc/arm-atollic-eabi/6.3.1/armv7-m/crtn.o
OUTPUT(RepHome5.elf elf32-littlearm)

.debug_info     0x00000000    0x5aca0
 .debug_info    0x00000000      0x54d Libraries\STM32F10x_StdPeriph_Driver\src\misc.o
 .debug_info    0x0000054d      0x360 Libraries\STM32F10x_StdPeriph_Driver\src\stm32f10x_exti.o
 .debug_info    0x000008ad      0x701 Libraries\STM32F10x_StdPeriph_Driver\src\stm32f10x_gpio.o
 .debug_info    0x00000fae      0x8b2 Libraries\STM32F10x_StdPeriph_Driver\src\stm32f10x_rcc.o
 .debug_info    0x00001860     0x1c6b Libraries\STM32F10x_StdPeriph_Driver\src\stm32f10x_tim.o
 .debug_info    0x000034cb      0x9fb Libraries\STM32F10x_StdPeriph_Driver\src\stm32f10x_usart.o
 .debug_info    0x00003ec6      0x225 Libraries\Utilities\buffer.o
 .debug_info    0x000040eb      0x482 Libraries\Utilities\button.o
 .debug_info    0x0000456d     0x11fc Libraries\Utilities\network.o
 .debug_info    0x00005769     0x5259 Libraries\Utilities\screen.o
 .debug_info    0x0000a9c2      0xac8 Libraries\Utilities\timer.o
 .debug_info    0x0000b48a      0x679 Libraries\Utilities\usart.o
 .debug_info    0x0000bb03     0x4e77 Libraries\u8g2\u8g2_buffer.o
 .debug_info    0x0001097a     0x64cb Libraries\u8g2\u8g2_d_memory.o
 .debug_info    0x00016e45    0x1125f Libraries\u8g2\u8g2_d_setup.o
 .debug_info    0x000280a4     0x535a Libraries\u8g2\u8g2_font.o
 .debug_info    0x0002d3fe     0x8d86 Libraries\u8g2\u8g2_fonts.o
 .debug_info    0x00036184     0x4727 Libraries\u8g2\u8g2_hvline.o
 .debug_info    0x0003a8ab     0x4540 Libraries\u8g2\u8g2_intersection.o
 .debug_info    0x0003edeb     0x4563 Libraries\u8g2\u8g2_line.o
 .debug_info    0x0004334e     0x45e0 Libraries\u8g2\u8g2_ll_hvline.o
 .debug_info    0x0004792e     0x50ea Libraries\u8g2\u8g2_setup.o
 .debug_info    0x0004ca18      0xc61 Libraries\u8g2\u8x8_8x8.o
 .debug_info    0x0004d679      0xc94 Libraries\u8g2\u8x8_byte.o
 .debug_info    0x0004e30d      0xb9a Libraries\u8g2\u8x8_cad.o
 .debug_info    0x0004eea7      0x975 Libraries\u8g2\u8x8_d_ssd1306_128x64_noname.o
 .debug_info    0x0004f81c      0x8c3 Libraries\u8g2\u8x8_display.o
 .debug_info    0x000500df      0x5de Libraries\u8g2\u8x8_gpio.o
 .debug_info    0x000506bd      0x6d3 Libraries\u8g2\u8x8_setup.o
 .debug_info    0x00050d90     0x46a4 src\main.o
 .debug_info    0x00055434       0x95 src\startup_stm32f10x_md.o
 .debug_info    0x000554c9     0x5330 src\stm32f1xx_it.o
 .debug_info    0x0005a7f9      0x4a7 src\system_stm32f10x.o

.debug_abbrev   0x00000000     0x35b4
 .debug_abbrev  0x00000000      0x172 Libraries\STM32F10x_StdPeriph_Driver\src\misc.o
 .debug_abbrev  0x00000172      0x168 Libraries\STM32F10x_StdPeriph_Driver\src\stm32f10x_exti.o
 .debug_abbrev  0x000002da      0x1dd Libraries\STM32F10x_StdPeriph_Driver\src\stm32f10x_gpio.o
 .debug_abbrev  0x000004b7      0x1cf Libraries\STM32F10x_StdPeriph_Driver\src\stm32f10x_rcc.o
 .debug_abbrev  0x00000686      0x1c3 Libraries\STM32F10x_StdPeriph_Driver\src\stm32f10x_tim.o
 .debug_abbrev  0x00000849      0x18f Libraries\STM32F10x_StdPeriph_Driver\src\stm32f10x_usart.o
 .debug_abbrev  0x000009d8      0x11d Libraries\Utilities\buffer.o
 .debug_abbrev  0x00000af5      0x11a Libraries\Utilities\button.o
 .debug_abbrev  0x00000c0f      0x339 Libraries\Utilities\network.o
 .debug_abbrev  0x00000f48      0x29b Libraries\Utilities\screen.o
 .debug_abbrev  0x000011e3      0x1eb Libraries\Utilities\timer.o
 .debug_abbrev  0x000013ce      0x1b4 Libraries\Utilities\usart.o
 .debug_abbrev  0x00001582      0x1ef Libraries\u8g2\u8g2_buffer.o
 .debug_abbrev  0x00001771      0x18f Libraries\u8g2\u8g2_d_memory.o
 .debug_abbrev  0x00001900      0x195 Libraries\u8g2\u8g2_d_setup.o
 .debug_abbrev  0x00001a95      0x2b3 Libraries\u8g2\u8g2_font.o
 .debug_abbrev  0x00001d48      0x112 Libraries\u8g2\u8g2_fonts.o
 .debug_abbrev  0x00001e5a      0x191 Libraries\u8g2\u8g2_hvline.o
 .debug_abbrev  0x00001feb      0x143 Libraries\u8g2\u8g2_intersection.o
 .debug_abbrev  0x0000212e      0x143 Libraries\u8g2\u8g2_line.o
 .debug_abbrev  0x00002271      0x15d Libraries\u8g2\u8g2_ll_hvline.o
 .debug_abbrev  0x000023ce      0x218 Libraries\u8g2\u8g2_setup.o
 .debug_abbrev  0x000025e6      0x1e3 Libraries\u8g2\u8x8_8x8.o
 .debug_abbrev  0x000027c9      0x1d3 Libraries\u8g2\u8x8_byte.o
 .debug_abbrev  0x0000299c      0x1b1 Libraries\u8g2\u8x8_cad.o
 .debug_abbrev  0x00002b4d      0x170 Libraries\u8g2\u8x8_d_ssd1306_128x64_noname.o
 .debug_abbrev  0x00002cbd      0x15d Libraries\u8g2\u8x8_display.o
 .debug_abbrev  0x00002e1a       0xf1 Libraries\u8g2\u8x8_gpio.o
 .debug_abbrev  0x00002f0b      0x152 Libraries\u8g2\u8x8_setup.o
 .debug_abbrev  0x0000305d      0x169 src\main.o
 .debug_abbrev  0x000031c6       0x12 src\startup_stm32f10x_md.o
 .debug_abbrev  0x000031d8      0x26e src\stm32f1xx_it.o
 .debug_abbrev  0x00003446      0x16e src\system_stm32f10x.o

.debug_aranges  0x00000000     0x2240
 .debug_aranges
                0x00000000       0x40 Libraries\STM32F10x_StdPeriph_Driver\src\misc.o
 .debug_aranges
                0x00000040       0x58 Libraries\STM32F10x_StdPeriph_Driver\src\stm32f10x_exti.o
 .debug_aranges
                0x00000098       0xa8 Libraries\STM32F10x_StdPeriph_Driver\src\stm32f10x_gpio.o
 .debug_aranges
                0x00000140      0x118 Libraries\STM32F10x_StdPeriph_Driver\src\stm32f10x_rcc.o
 .debug_aranges
                0x00000258      0x2f0 Libraries\STM32F10x_StdPeriph_Driver\src\stm32f10x_tim.o
 .debug_aranges
                0x00000548      0x100 Libraries\STM32F10x_StdPeriph_Driver\src\stm32f10x_usart.o
 .debug_aranges
                0x00000648       0x38 Libraries\Utilities\buffer.o
 .debug_aranges
                0x00000680       0x20 Libraries\Utilities\button.o
 .debug_aranges
                0x000006a0       0x98 Libraries\Utilities\network.o
 .debug_aranges
                0x00000738       0x38 Libraries\Utilities\screen.o
 .debug_aranges
                0x00000770       0x40 Libraries\Utilities\timer.o
 .debug_aranges
                0x000007b0       0x30 Libraries\Utilities\usart.o
 .debug_aranges
                0x000007e0       0x50 Libraries\u8g2\u8g2_buffer.o
 .debug_aranges
                0x00000830      0x3f0 Libraries\u8g2\u8g2_d_memory.o
 .debug_aranges
                0x00000c20      0xeb8 Libraries\u8g2\u8g2_d_setup.o
 .debug_aranges
                0x00001ad8      0x198 Libraries\u8g2\u8g2_font.o
 .debug_aranges
                0x00001c70       0x18 Libraries\u8g2\u8g2_fonts.o
 .debug_aranges
                0x00001c88       0x58 Libraries\u8g2\u8g2_hvline.o
 .debug_aranges
                0x00001ce0       0x28 Libraries\u8g2\u8g2_intersection.o
 .debug_aranges
                0x00001d08       0x20 Libraries\u8g2\u8g2_line.o
 .debug_aranges
                0x00001d28       0x28 Libraries\u8g2\u8g2_ll_hvline.o
 .debug_aranges
                0x00001d50       0x80 Libraries\u8g2\u8g2_setup.o
 .debug_aranges
                0x00001dd0       0xb8 Libraries\u8g2\u8x8_8x8.o
 .debug_aranges
                0x00001e88       0xe0 Libraries\u8g2\u8x8_byte.o
 .debug_aranges
                0x00001f68       0xa8 Libraries\u8g2\u8x8_cad.o
 .debug_aranges
                0x00002010       0x50 Libraries\u8g2\u8x8_d_ssd1306_128x64_noname.o
 .debug_aranges
                0x00002060       0x80 Libraries\u8g2\u8x8_display.o
 .debug_aranges
                0x000020e0       0x20 Libraries\u8g2\u8x8_gpio.o
 .debug_aranges
                0x00002100       0x38 Libraries\u8g2\u8x8_setup.o
 .debug_aranges
                0x00002138       0x20 src\main.o
 .debug_aranges
                0x00002158       0x28 src\startup_stm32f10x_md.o
 .debug_aranges
                0x00002180       0x88 src\stm32f1xx_it.o
 .debug_aranges
                0x00002208       0x38 src\system_stm32f10x.o

.debug_ranges   0x00000000     0x2078
 .debug_ranges  0x00000000       0x30 Libraries\STM32F10x_StdPeriph_Driver\src\misc.o
 .debug_ranges  0x00000030       0x48 Libraries\STM32F10x_StdPeriph_Driver\src\stm32f10x_exti.o
 .debug_ranges  0x00000078       0x98 Libraries\STM32F10x_StdPeriph_Driver\src\stm32f10x_gpio.o
 .debug_ranges  0x00000110      0x108 Libraries\STM32F10x_StdPeriph_Driver\src\stm32f10x_rcc.o
 .debug_ranges  0x00000218      0x2e0 Libraries\STM32F10x_StdPeriph_Driver\src\stm32f10x_tim.o
 .debug_ranges  0x000004f8       0xf0 Libraries\STM32F10x_StdPeriph_Driver\src\stm32f10x_usart.o
 .debug_ranges  0x000005e8       0x28 Libraries\Utilities\buffer.o
 .debug_ranges  0x00000610       0x10 Libraries\Utilities\button.o
 .debug_ranges  0x00000620       0xa0 Libraries\Utilities\network.o
 .debug_ranges  0x000006c0       0x40 Libraries\Utilities\screen.o
 .debug_ranges  0x00000700       0x30 Libraries\Utilities\timer.o
 .debug_ranges  0x00000730       0x20 Libraries\Utilities\usart.o
 .debug_ranges  0x00000750       0x40 Libraries\u8g2\u8g2_buffer.o
 .debug_ranges  0x00000790      0x3e0 Libraries\u8g2\u8g2_d_memory.o
 .debug_ranges  0x00000b70      0xea8 Libraries\u8g2\u8g2_d_setup.o
 .debug_ranges  0x00001a18      0x1a0 Libraries\u8g2\u8g2_font.o
 .debug_ranges  0x00001bb8       0x48 Libraries\u8g2\u8g2_hvline.o
 .debug_ranges  0x00001c00       0x18 Libraries\u8g2\u8g2_intersection.o
 .debug_ranges  0x00001c18       0x10 Libraries\u8g2\u8g2_line.o
 .debug_ranges  0x00001c28       0x18 Libraries\u8g2\u8g2_ll_hvline.o
 .debug_ranges  0x00001c40       0x70 Libraries\u8g2\u8g2_setup.o
 .debug_ranges  0x00001cb0       0xa8 Libraries\u8g2\u8x8_8x8.o
 .debug_ranges  0x00001d58       0xd0 Libraries\u8g2\u8x8_byte.o
 .debug_ranges  0x00001e28       0x98 Libraries\u8g2\u8x8_cad.o
 .debug_ranges  0x00001ec0       0x40 Libraries\u8g2\u8x8_d_ssd1306_128x64_noname.o
 .debug_ranges  0x00001f00       0x70 Libraries\u8g2\u8x8_display.o
 .debug_ranges  0x00001f70       0x10 Libraries\u8g2\u8x8_gpio.o
 .debug_ranges  0x00001f80       0x28 Libraries\u8g2\u8x8_setup.o
 .debug_ranges  0x00001fa8       0x10 src\main.o
 .debug_ranges  0x00001fb8       0x20 src\startup_stm32f10x_md.o
 .debug_ranges  0x00001fd8       0x78 src\stm32f1xx_it.o
 .debug_ranges  0x00002050       0x28 src\system_stm32f10x.o

.debug_line     0x00000000     0x941c
 .debug_line    0x00000000      0x25c Libraries\STM32F10x_StdPeriph_Driver\src\misc.o
 .debug_line    0x0000025c      0x2bf Libraries\STM32F10x_StdPeriph_Driver\src\stm32f10x_exti.o
 .debug_line    0x0000051b      0x3e9 Libraries\STM32F10x_StdPeriph_Driver\src\stm32f10x_gpio.o
 .debug_line    0x00000904      0x4e4 Libraries\STM32F10x_StdPeriph_Driver\src\stm32f10x_rcc.o
 .debug_line    0x00000de8      0xb69 Libraries\STM32F10x_StdPeriph_Driver\src\stm32f10x_tim.o
 .debug_line    0x00001951      0x4cb Libraries\STM32F10x_StdPeriph_Driver\src\stm32f10x_usart.o
 .debug_line    0x00001e1c      0x202 Libraries\Utilities\buffer.o
 .debug_line    0x0000201e      0x222 Libraries\Utilities\button.o
 .debug_line    0x00002240      0x671 Libraries\Utilities\network.o
 .debug_line    0x000028b1      0x47c Libraries\Utilities\screen.o
 .debug_line    0x00002d2d      0x2ab Libraries\Utilities\timer.o
 .debug_line    0x00002fd8      0x270 Libraries\Utilities\usart.o
 .debug_line    0x00003248      0x280 Libraries\u8g2\u8g2_buffer.o
 .debug_line    0x000034c8      0xa50 Libraries\u8g2\u8g2_d_memory.o
 .debug_line    0x00003f18     0x25c1 Libraries\u8g2\u8g2_d_setup.o
 .debug_line    0x000064d9      0x6db Libraries\u8g2\u8g2_font.o
 .debug_line    0x00006bb4      0x138 Libraries\u8g2\u8g2_fonts.o
 .debug_line    0x00006cec      0x217 Libraries\u8g2\u8g2_hvline.o
 .debug_line    0x00006f03      0x16f Libraries\u8g2\u8g2_intersection.o
 .debug_line    0x00007072      0x193 Libraries\u8g2\u8g2_line.o
 .debug_line    0x00007205      0x1be Libraries\u8g2\u8g2_ll_hvline.o
 .debug_line    0x000073c3      0x30c Libraries\u8g2\u8g2_setup.o
 .debug_line    0x000076cf      0x3a6 Libraries\u8g2\u8x8_8x8.o
 .debug_line    0x00007a75      0x48f Libraries\u8g2\u8x8_byte.o
 .debug_line    0x00007f04      0x389 Libraries\u8g2\u8x8_cad.o
 .debug_line    0x0000828d      0x22f Libraries\u8g2\u8x8_d_ssd1306_128x64_noname.o
 .debug_line    0x000084bc      0x240 Libraries\u8g2\u8x8_display.o
 .debug_line    0x000086fc      0x13e Libraries\u8g2\u8x8_gpio.o
 .debug_line    0x0000883a      0x18a Libraries\u8g2\u8x8_setup.o
 .debug_line    0x000089c4      0x2b9 src\main.o
 .debug_line    0x00008c7d       0x7c src\startup_stm32f10x_md.o
 .debug_line    0x00008cf9      0x4d9 src\stm32f1xx_it.o
 .debug_line    0x000091d2      0x24a src\system_stm32f10x.o

.debug_str      0x00000000     0xfa86
 .debug_str     0x00000000      0x3ff Libraries\STM32F10x_StdPeriph_Driver\src\misc.o
                                0x44c (size before relaxing)
 .debug_str     0x000003ff      0x1d7 Libraries\STM32F10x_StdPeriph_Driver\src\stm32f10x_exti.o
                                0x3d7 (size before relaxing)
 .debug_str     0x000005d6      0x389 Libraries\STM32F10x_StdPeriph_Driver\src\stm32f10x_gpio.o
                                0x5a7 (size before relaxing)
 .debug_str     0x0000095f      0x44d Libraries\STM32F10x_StdPeriph_Driver\src\stm32f10x_rcc.o
                                0x6a8 (size before relaxing)
 .debug_str     0x00000dac      0xba8 Libraries\STM32F10x_StdPeriph_Driver\src\stm32f10x_tim.o
                                0xe6b (size before relaxing)
 .debug_str     0x00001954      0x42a Libraries\STM32F10x_StdPeriph_Driver\src\stm32f10x_usart.o
                                0x71e (size before relaxing)
 .debug_str     0x00001d7e       0x5f Libraries\Utilities\buffer.o
                                0x273 (size before relaxing)
 .debug_str     0x00001ddd      0x326 Libraries\Utilities\button.o
                                0x792 (size before relaxing)
 .debug_str     0x00002103      0x715 Libraries\Utilities\network.o
                                0x9a8 (size before relaxing)
 .debug_str     0x00002818     0x7b95 Libraries\Utilities\screen.o
                               0x845d (size before relaxing)
 .debug_str     0x0000a3ad       0xdc Libraries\Utilities\timer.o
                                0x9b0 (size before relaxing)
 .debug_str     0x0000a489       0x7e Libraries\Utilities\usart.o
                                0x844 (size before relaxing)